Archive member included to satisfy reference by file (symbol)

c:/program files (x86)/gnu tools arm embedded/5.4 2016q3/bin/../lib/gcc/arm-none-eabi/5.4.1/../../../../arm-none-eabi/lib/armv7e-m/fpu\libc_nano.a(lib_a-exit.o)
                              c:/program files (x86)/gnu tools arm embedded/5.4 2016q3/bin/../lib/gcc/arm-none-eabi/5.4.1/../../../../arm-none-eabi/lib/armv7e-m/fpu/crt0.o (exit)
c:/program files (x86)/gnu tools arm embedded/5.4 2016q3/bin/../lib/gcc/arm-none-eabi/5.4.1/../../../../arm-none-eabi/lib/armv7e-m/fpu\libc_nano.a(lib_a-impure.o)
                              c:/program files (x86)/gnu tools arm embedded/5.4 2016q3/bin/../lib/gcc/arm-none-eabi/5.4.1/../../../../arm-none-eabi/lib/armv7e-m/fpu\libc_nano.a(lib_a-exit.o) (_global_impure_ptr)
c:/program files (x86)/gnu tools arm embedded/5.4 2016q3/bin/../lib/gcc/arm-none-eabi/5.4.1/../../../../arm-none-eabi/lib/armv7e-m/fpu\libc_nano.a(lib_a-init.o)
                              c:/program files (x86)/gnu tools arm embedded/5.4 2016q3/bin/../lib/gcc/arm-none-eabi/5.4.1/../../../../arm-none-eabi/lib/armv7e-m/fpu/crt0.o (__libc_init_array)
c:/program files (x86)/gnu tools arm embedded/5.4 2016q3/bin/../lib/gcc/arm-none-eabi/5.4.1/../../../../arm-none-eabi/lib/armv7e-m/fpu\libc_nano.a(lib_a-memcmp.o)
                              _build/nrf52832_xxaa/id_manager.c.o (memcmp)
c:/program files (x86)/gnu tools arm embedded/5.4 2016q3/bin/../lib/gcc/arm-none-eabi/5.4.1/../../../../arm-none-eabi/lib/armv7e-m/fpu\libc_nano.a(lib_a-memcpy-stub.o)
                              _build/nrf52832_xxaa/app_scheduler.c.o (memcpy)
c:/program files (x86)/gnu tools arm embedded/5.4 2016q3/bin/../lib/gcc/arm-none-eabi/5.4.1/../../../../arm-none-eabi/lib/armv7e-m/fpu\libc_nano.a(lib_a-memset.o)
                              c:/program files (x86)/gnu tools arm embedded/5.4 2016q3/bin/../lib/gcc/arm-none-eabi/5.4.1/../../../../arm-none-eabi/lib/armv7e-m/fpu/crt0.o (memset)
c:/program files (x86)/gnu tools arm embedded/5.4 2016q3/bin/../lib/gcc/arm-none-eabi/5.4.1/../../../../arm-none-eabi/lib/armv7e-m/fpu\libc_nano.a(lib_a-sprintf.o)
                              _build/nrf52832_xxaa/main.c.o (sprintf)
c:/program files (x86)/gnu tools arm embedded/5.4 2016q3/bin/../lib/gcc/arm-none-eabi/5.4.1/../../../../arm-none-eabi/lib/armv7e-m/fpu\libc_nano.a(lib_a-strcpy.o)
                              _build/nrf52832_xxaa/SEGGER_RTT.c.o (strcpy)
c:/program files (x86)/gnu tools arm embedded/5.4 2016q3/bin/../lib/gcc/arm-none-eabi/5.4.1/../../../../arm-none-eabi/lib/armv7e-m/fpu\libc_nano.a(lib_a-strlen.o)
                              _build/nrf52832_xxaa/main.c.o (strlen)
c:/program files (x86)/gnu tools arm embedded/5.4 2016q3/bin/../lib/gcc/arm-none-eabi/5.4.1/../../../../arm-none-eabi/lib/armv7e-m/fpu\libc_nano.a(lib_a-nano-svfprintf.o)
                              c:/program files (x86)/gnu tools arm embedded/5.4 2016q3/bin/../lib/gcc/arm-none-eabi/5.4.1/../../../../arm-none-eabi/lib/armv7e-m/fpu\libc_nano.a(lib_a-sprintf.o) (_svfprintf_r)
c:/program files (x86)/gnu tools arm embedded/5.4 2016q3/bin/../lib/gcc/arm-none-eabi/5.4.1/../../../../arm-none-eabi/lib/armv7e-m/fpu\libc_nano.a(lib_a-nano-vfprintf_i.o)
                              c:/program files (x86)/gnu tools arm embedded/5.4 2016q3/bin/../lib/gcc/arm-none-eabi/5.4.1/../../../../arm-none-eabi/lib/armv7e-m/fpu\libc_nano.a(lib_a-nano-svfprintf.o) (_printf_i)
c:/program files (x86)/gnu tools arm embedded/5.4 2016q3/bin/../lib/gcc/arm-none-eabi/5.4.1/../../../../arm-none-eabi/lib/armv7e-m/fpu\libc_nano.a(lib_a-memchr.o)
                              c:/program files (x86)/gnu tools arm embedded/5.4 2016q3/bin/../lib/gcc/arm-none-eabi/5.4.1/../../../../arm-none-eabi/lib/armv7e-m/fpu\libc_nano.a(lib_a-nano-svfprintf.o) (memchr)
c:/program files (x86)/gnu tools arm embedded/5.4 2016q3/bin/../lib/gcc/arm-none-eabi/5.4.1/../../../../arm-none-eabi/lib/armv7e-m/fpu\libc_nano.a(lib_a-memmove.o)
                              c:/program files (x86)/gnu tools arm embedded/5.4 2016q3/bin/../lib/gcc/arm-none-eabi/5.4.1/../../../../arm-none-eabi/lib/armv7e-m/fpu\libc_nano.a(lib_a-nano-svfprintf.o) (memmove)
c:/program files (x86)/gnu tools arm embedded/5.4 2016q3/bin/../lib/gcc/arm-none-eabi/5.4.1/../../../../arm-none-eabi/lib/armv7e-m/fpu\libc_nano.a(lib_a-nano-freer.o)
                              c:/program files (x86)/gnu tools arm embedded/5.4 2016q3/bin/../lib/gcc/arm-none-eabi/5.4.1/../../../../arm-none-eabi/lib/armv7e-m/fpu\libc_nano.a(lib_a-nano-svfprintf.o) (_free_r)
c:/program files (x86)/gnu tools arm embedded/5.4 2016q3/bin/../lib/gcc/arm-none-eabi/5.4.1/../../../../arm-none-eabi/lib/armv7e-m/fpu\libc_nano.a(lib_a-nano-mallocr.o)
                              c:/program files (x86)/gnu tools arm embedded/5.4 2016q3/bin/../lib/gcc/arm-none-eabi/5.4.1/../../../../arm-none-eabi/lib/armv7e-m/fpu\libc_nano.a(lib_a-nano-svfprintf.o) (_malloc_r)
[...]
Memory Configuration

Name             Origin             Length             Attributes
FLASH            0x00023000         0x0005d000         xr
RAM              0x20002a68         0x0000d598         xrw
*default*        0x00000000         0xffffffff

Linker script and memory map


.text           0x00023000     0xda6c
 *(.isr_vector)
 .isr_vector    0x00023000      0x200 _build/nrf52832_xxaa/gcc_startup_nrf52.S.o
                0x00023000                __isr_vector
 *(.text*)
 .text          0x00023200       0x5c c:/program files (x86)/gnu tools arm embedded/5.4 2016q3/bin/../lib/gcc/arm-none-eabi/5.4.1/armv7e-m/fpu/crtbegin.o
 .text          0x0002325c       0x74 c:/program files (x86)/gnu tools arm embedded/5.4 2016q3/bin/../lib/gcc/arm-none-eabi/5.4.1/../../../../arm-none-eabi/lib/armv7e-m/fpu/crt0.o
                0x0002325c                _start
                0x0002325c                _mainCRTStartup
 .text.detection_delay_timeout_handler
                0x000232d0       0xa8 _build/nrf52832_xxaa/app_button.c.o
 .text.gpiote_event_handler
                0x00023378       0x5c _build/nrf52832_xxaa/app_button.c.o
 .text.app_button_init
                0x000233d4       0xb0 _build/nrf52832_xxaa/app_button.c.o
                0x000233d4                app_button_init
 .text.app_button_enable
                0x00023484       0x2c _build/nrf52832_xxaa/app_button.c.o
                0x00023484                app_button_enable
 .text.app_error_handler_bare
                0x000234b0       0x20 _build/nrf52832_xxaa/app_error.c.o
                0x000234b0                app_error_handler_bare
 .text.app_error_fault_handler
                0x000234d0       0x30 _build/nrf52832_xxaa/app_error_weak.c.o
                0x000234d0                app_error_fault_handler
 .text.RTC1_IRQHandler
                0x00023500       0xa0 _build/nrf52832_xxaa/app_timer.c.o
                0x00023500                RTC1_IRQHandler
 .text.SWI0_EGU0_IRQHandler
                0x000235a0      0x64c _build/nrf52832_xxaa/app_timer.c.o
                0x000235a0                SWI0_EGU0_IRQHandler
 .text.app_timer_init
                0x00023bec      0x184 _build/nrf52832_xxaa/app_timer.c.o
                0x00023bec                app_timer_init
 .text.app_timer_create
                0x00023d70       0x24 _build/nrf52832_xxaa/app_timer.c.o
                0x00023d70                app_timer_create
 .text.app_timer_start
                0x00023d94       0xac _build/nrf52832_xxaa/app_timer.c.o
                0x00023d94                app_timer_start
 .text.app_timer_stop
                0x00023e40       0x78 _build/nrf52832_xxaa/app_timer.c.o
                0x00023e40                app_timer_stop
 .text.app_util_critical_region_enter
                0x00023eb8       0x50 _build/nrf52832_xxaa/app_util_platform.c.o
                0x00023eb8                app_util_critical_region_enter
 .text.app_util_critical_region_exit
                0x00023f08       0x30 _build/nrf52832_xxaa/app_util_platform.c.o
                0x00023f08                app_util_critical_region_exit
 .text.write_space_reserve
                0x00023f38       0x60 _build/nrf52832_xxaa/fds.c.o
 .text.gc_record_find_next
                0x00023f98       0xc4 _build/nrf52832_xxaa/fds.c.o
 .text.record_find_by_desc
                0x0002405c       0xd8 _build/nrf52832_xxaa/fds.c.o
 .text.record_find.part.3
                0x00024134       0xc0 _build/nrf52832_xxaa/fds.c.o
 .text.queue_process
                0x000241f4      0x794 _build/nrf52832_xxaa/fds.c.o
 .text.fs_event_handler
                0x00024988      0x794 _build/nrf52832_xxaa/fds.c.o
 .text.fds_register
                0x0002511c       0x28 _build/nrf52832_xxaa/fds.c.o
                0x0002511c                fds_register
 .text.fds_init
                0x00025144      0x310 _build/nrf52832_xxaa/fds.c.o
                0x00025144                fds_init
 .text.fds_record_open
                0x00025454       0x48 _build/nrf52832_xxaa/fds.c.o
                0x00025454                fds_record_open
 .text.fds_record_close
                0x0002549c       0x48 _build/nrf52832_xxaa/fds.c.o
                0x0002549c                fds_record_close
 .text.fds_reserve
                0x000254e4       0x84 _build/nrf52832_xxaa/fds.c.o
                0x000254e4                fds_reserve
 .text.fds_reserve_cancel
                0x00025568       0x54 _build/nrf52832_xxaa/fds.c.o
                0x00025568                fds_reserve_cancel
 .text.fds_record_write
                0x000255bc      0x11c _build/nrf52832_xxaa/fds.c.o
                0x000255bc                fds_record_write
 .text.fds_record_write_reserved
                0x000256d8      0x118 _build/nrf52832_xxaa/fds.c.o
                0x000256d8                fds_record_write_reserved
 .text.fds_record_update
                0x000257f0      0x12c _build/nrf52832_xxaa/fds.c.o
                0x000257f0                fds_record_update
 .text.fds_file_delete
                0x0002591c       0x6c _build/nrf52832_xxaa/fds.c.o
                0x0002591c                fds_file_delete
 .text.fds_gc   0x00025988       0x64 _build/nrf52832_xxaa/fds.c.o
                0x00025988                fds_gc
 .text.fds_record_find
                0x000259ec       0x38 _build/nrf52832_xxaa/fds.c.o
                0x000259ec                fds_record_find
 .text.fds_record_find_by_key
                0x00025a24       0x3c _build/nrf52832_xxaa/fds.c.o
                0x00025a24                fds_record_find_by_key
 .text.fds_record_find_in_file
                0x00025a60       0x3c _build/nrf52832_xxaa/fds.c.o
                0x00025a60                fds_record_find_in_file
 .text.fds_record_id_from_desc
                0x00025a9c       0x10 _build/nrf52832_xxaa/fds.c.o
                0x00025a9c                fds_record_id_from_desc
 .text.uart_event_handler
                0x00025aac       0x74 _build/nrf52832_xxaa/app_uart.c.o
 .text.app_uart_init
                0x00025b20       0xbc _build/nrf52832_xxaa/app_uart.c.o
                0x00025b20                app_uart_init
 .text.nrf_fstorage_init
                0x00025bdc       0x10 _build/nrf52832_xxaa/nrf_fstorage.c.o
                0x00025bdc                nrf_fstorage_init
 .text.nrf_fstorage_write
                0x00025bec       0x70 _build/nrf52832_xxaa/nrf_fstorage.c.o
                0x00025bec                nrf_fstorage_write
 .text.nrf_fstorage_erase
                0x00025c5c       0x48 _build/nrf52832_xxaa/nrf_fstorage.c.o
                0x00025c5c                nrf_fstorage_erase
 .text.nrf_fstorage_is_busy
                0x00025ca4       0x4c _build/nrf52832_xxaa/nrf_fstorage.c.o
                0x00025ca4                nrf_fstorage_is_busy
 .text.sd_flash_write
                0x00025cf0        0x4 _build/nrf52832_xxaa/nrf_fstorage_sd.c.o
 .text.sd_flash_page_erase
                0x00025cf4        0x4 _build/nrf52832_xxaa/nrf_fstorage_sd.c.o
 .text.uninit   0x00025cf8        0x4 _build/nrf52832_xxaa/nrf_fstorage_sd.c.o
 .text.is_busy  0x00025cfc       0x10 _build/nrf52832_xxaa/nrf_fstorage_sd.c.o
 .text.read     0x00025d0c       0x10 _build/nrf52832_xxaa/nrf_fstorage_sd.c.o
 .text.init     0x00025d1c       0x40 _build/nrf52832_xxaa/nrf_fstorage_sd.c.o
 .text.nrf_fstorage_sdh_req_handler
                0x00025d5c       0x20 _build/nrf52832_xxaa/nrf_fstorage_sd.c.o
                0x00025d5c                nrf_fstorage_sdh_req_handler
 .text.nrf_fstorage_sys_evt_handler
                0x00025d7c      0x1f8 _build/nrf52832_xxaa/nrf_fstorage_sd.c.o
                0x00025d7c                nrf_fstorage_sys_evt_handler
 .text.queue_process
                0x00025f74       0xd8 _build/nrf52832_xxaa/nrf_fstorage_sd.c.o
 .text.write    0x0002604c       0x80 _build/nrf52832_xxaa/nrf_fstorage_sd.c.o
 .text.erase    0x000260cc       0x8c _build/nrf52832_xxaa/nrf_fstorage_sd.c.o
 .text.nrf_fstorage_sdh_state_handler
                0x00026158       0xf0 _build/nrf52832_xxaa/nrf_fstorage_sd.c.o
                0x00026158                nrf_fstorage_sdh_state_handler
 .text.nrf_section_iter_init
                0x00026248       0x14 _build/nrf52832_xxaa/nrf_section_iter.c.o
                0x00026248                nrf_section_iter_init
 .text.nrf_section_iter_next
                0x0002625c       0x18 _build/nrf52832_xxaa/nrf_section_iter.c.o
                0x0002625c                nrf_section_iter_next
 .text.sdk_mapped_flags_first_key_index_get
                0x00026274       0x2c _build/nrf52832_xxaa/sdk_mapped_flags.c.o
                0x00026274                sdk_mapped_flags_first_key_index_get
 .text.sdk_mapped_flags_update_by_key
                0x000262a0       0x3c _build/nrf52832_xxaa/sdk_mapped_flags.c.o
                0x000262a0                sdk_mapped_flags_update_by_key
 .text.sdk_mapped_flags_bulk_update_by_key
                0x000262dc       0x58 _build/nrf52832_xxaa/sdk_mapped_flags.c.o
                0x000262dc                sdk_mapped_flags_bulk_update_by_key
 .text.sdk_mapped_flags_get_by_key
                0x00026334       0x30 _build/nrf52832_xxaa/sdk_mapped_flags.c.o
                0x00026334                sdk_mapped_flags_get_by_key
 .text.sdk_mapped_flags_key_list_get
                0x00026364       0x34 _build/nrf52832_xxaa/sdk_mapped_flags.c.o
                0x00026364                sdk_mapped_flags_key_list_get
 .text.bsp_board_led_state_get
                0x00026398       0x20 _build/nrf52832_xxaa/boards.c.o
                0x00026398                bsp_board_led_state_get
 .text.bsp_board_led_on
                0x000263b8       0x18 _build/nrf52832_xxaa/boards.c.o
                0x000263b8                bsp_board_led_on
 .text.bsp_board_led_off
                0x000263d0       0x18 _build/nrf52832_xxaa/boards.c.o
                0x000263d0                bsp_board_led_off
 .text.bsp_board_leds_off
                0x000263e8       0x2c _build/nrf52832_xxaa/boards.c.o
                0x000263e8                bsp_board_leds_off
 .text.bsp_board_leds_on
                0x00026414       0x2c _build/nrf52832_xxaa/boards.c.o
                0x00026414                bsp_board_leds_on
 .text.bsp_board_led_invert
                0x00026440       0x28 _build/nrf52832_xxaa/boards.c.o
                0x00026440                bsp_board_led_invert
 .text.bsp_board_leds_init
                0x00026468       0x3c _build/nrf52832_xxaa/boards.c.o
                0x00026468                bsp_board_leds_init
 .text.bsp_board_button_state_get
                0x000264a4       0x20 _build/nrf52832_xxaa/boards.c.o
                0x000264a4                bsp_board_button_state_get
 .text.bsp_board_pin_to_button_idx
                0x000264c4       0x24 _build/nrf52832_xxaa/boards.c.o
                0x000264c4                bsp_board_pin_to_button_idx
 .text.bsp_board_button_idx_to_pin
                0x000264e8        0xc _build/nrf52832_xxaa/boards.c.o
                0x000264e8                bsp_board_button_idx_to_pin
 .text.soc_evt_handler
                0x000264f4       0x20 _build/nrf52832_xxaa/nrf_drv_clock.c.o
 .text.sd_state_evt_handler
                0x00026514       0xc0 _build/nrf52832_xxaa/nrf_drv_clock.c.o
 .text.POWER_CLOCK_IRQHandler
                0x000265d4       0x78 _build/nrf52832_xxaa/nrf_drv_clock.c.o
                0x000265d4                POWER_CLOCK_IRQHandler
 .text.nrf_drv_common_irq_enable
                0x0002664c       0x50 _build/nrf52832_xxaa/nrf_drv_common.c.o
                0x0002664c                nrf_drv_common_irq_enable
 .text.nrf_drv_gpiote_init
                0x0002669c       0x84 _build/nrf52832_xxaa/nrf_drv_gpiote.c.o
                0x0002669c                nrf_drv_gpiote_init
 .text.nrf_drv_gpiote_is_init
                0x00026720       0x14 _build/nrf52832_xxaa/nrf_drv_gpiote.c.o
                0x00026720                nrf_drv_gpiote_is_init
 .text.nrf_drv_gpiote_in_init
                0x00026734      0x190 _build/nrf52832_xxaa/nrf_drv_gpiote.c.o
                0x00026734                nrf_drv_gpiote_in_init
 .text.nrf_drv_gpiote_in_event_enable
                0x000268c4       0xc4 _build/nrf52832_xxaa/nrf_drv_gpiote.c.o
                0x000268c4                nrf_drv_gpiote_in_event_enable
 .text.nrf_drv_gpiote_in_is_set
                0x00026988       0x14 _build/nrf52832_xxaa/nrf_drv_gpiote.c.o
                0x00026988                nrf_drv_gpiote_in_is_set
 .text.GPIOTE_IRQHandler
                0x0002699c      0x4f4 _build/nrf52832_xxaa/nrf_drv_gpiote.c.o
                0x0002699c                GPIOTE_IRQHandler
 .text.nrf_drv_uart_init
                0x00026e90      0x130 _build/nrf52832_xxaa/nrf_drv_uart.c.o
                0x00026e90                nrf_drv_uart_init
 .text.nrf_drv_uart_tx
                0x00026fc0      0x100 _build/nrf52832_xxaa/nrf_drv_uart.c.o
                0x00026fc0                nrf_drv_uart_tx
 .text.nrf_drv_uart_rx
                0x000270c0      0x170 _build/nrf52832_xxaa/nrf_drv_uart.c.o
                0x000270c0                nrf_drv_uart_rx
 .text.nrf_drv_uart_rx_enable
                0x00027230       0x50 _build/nrf52832_xxaa/nrf_drv_uart.c.o
                0x00027230                nrf_drv_uart_rx_enable
 .text.UARTE0_UART0_IRQHandler
                0x00027280      0x1c4 _build/nrf52832_xxaa/nrf_drv_uart.c.o
                0x00027280                UARTE0_UART0_IRQHandler
 .text.SAADC_IRQHandler
                0x00027444      0x1c4 _build/nrf52832_xxaa/nrf_drv_saadc.c.o
                0x00027444                SAADC_IRQHandler
 .text.nrf_drv_saadc_init
                0x00027608       0xa4 _build/nrf52832_xxaa/nrf_drv_saadc.c.o
                0x00027608                nrf_drv_saadc_init
 .text.nrf_drv_saadc_channel_init
                0x000276ac       0x80 _build/nrf52832_xxaa/nrf_drv_saadc.c.o
                0x000276ac                nrf_drv_saadc_channel_init
 .text.nrf_drv_saadc_sample_task_get
                0x0002772c       0x20 _build/nrf52832_xxaa/nrf_drv_saadc.c.o
                0x0002772c                nrf_drv_saadc_sample_task_get
 .text.nrf_drv_saadc_buffer_convert
                0x0002774c       0xc4 _build/nrf52832_xxaa/nrf_drv_saadc.c.o
                0x0002774c                nrf_drv_saadc_buffer_convert
 .text.nrf_saadc_channel_init
                0x00027810       0x64 _build/nrf52832_xxaa/nrf_saadc.c.o
                0x00027810                nrf_saadc_channel_init
 .text.nrf_drv_ppi_init
                0x00027874       0x14 _build/nrf52832_xxaa/nrf_drv_ppi.c.o
                0x00027874                nrf_drv_ppi_init
 .text.nrf_drv_ppi_channel_alloc
                0x00027888       0x78 _build/nrf52832_xxaa/nrf_drv_ppi.c.o
                0x00027888                nrf_drv_ppi_channel_alloc
 .text.nrf_drv_ppi_channel_assign
                0x00027900       0x48 _build/nrf52832_xxaa/nrf_drv_ppi.c.o
                0x00027900                nrf_drv_ppi_channel_assign
 .text.nrf_drv_ppi_channel_enable
                0x00027948       0x30 _build/nrf52832_xxaa/nrf_drv_ppi.c.o
                0x00027948                nrf_drv_ppi_channel_enable
 .text.nrf_drv_pwm_init
                0x00027978      0x1cc _build/nrf52832_xxaa/nrf_drv_pwm.c.o
                0x00027978                nrf_drv_pwm_init
 .text.nrf_drv_pwm_simple_playback
                0x00027b44       0xf8 _build/nrf52832_xxaa/nrf_drv_pwm.c.o
                0x00027b44                nrf_drv_pwm_simple_playback
 .text.PWM0_IRQHandler
                0x00027c3c       0xb8 _build/nrf52832_xxaa/nrf_drv_pwm.c.o
                0x00027c3c                PWM0_IRQHandler
 .text.nrf_drv_timer_init
                0x00027cf4       0xc4 _build/nrf52832_xxaa/nrf_drv_timer.c.o
                0x00027cf4                nrf_drv_timer_init
 .text.nrf_drv_timer_enable
                0x00027db8       0x1c _build/nrf52832_xxaa/nrf_drv_timer.c.o
                0x00027db8                nrf_drv_timer_enable
 .text.nrf_drv_timer_extended_compare
                0x00027dd4       0x48 _build/nrf52832_xxaa/nrf_drv_timer.c.o
                0x00027dd4                nrf_drv_timer_extended_compare
 .text.TIMER3_IRQHandler
                0x00027e1c      0x120 _build/nrf52832_xxaa/nrf_drv_timer.c.o
                0x00027e1c                TIMER3_IRQHandler
 .text.alert_timer_handler
                0x00027f3c        0x8 _build/nrf52832_xxaa/bsp.c.o
 .text.bsp_button_event_handler
                0x00027f44       0xa4 _build/nrf52832_xxaa/bsp.c.o
 .text.button_timer_handler
                0x00027fe8       0x30 _build/nrf52832_xxaa/bsp.c.o
 .text.leds_timer_handler
                0x00028018      0x2e8 _build/nrf52832_xxaa/bsp.c.o
 .text.bsp_button_is_pressed
                0x00028300        0x4 _build/nrf52832_xxaa/bsp.c.o
                0x00028300                bsp_button_is_pressed
 .text.bsp_indication_set
                0x00028304      0x32c _build/nrf52832_xxaa/bsp.c.o
                0x00028304                bsp_indication_set
 .text.bsp_init
                0x00028630       0xac _build/nrf52832_xxaa/bsp.c.o
                0x00028630                bsp_init
 .text.bsp_event_to_button_action_assign
                0x000286dc       0x50 _build/nrf52832_xxaa/bsp.c.o
                0x000286dc                bsp_event_to_button_action_assign
 .text.bsp_wakeup_button_enable
                0x0002872c       0x28 _build/nrf52832_xxaa/bsp.c.o
                0x0002872c                bsp_wakeup_button_enable
 .text.ble_evt_handler
                0x00028754       0xb0 _build/nrf52832_xxaa/bsp_btn_ble.c.o
 .text.bsp_btn_ble_sleep_mode_prepare
                0x00028804       0x24 _build/nrf52832_xxaa/bsp_btn_ble.c.o
                0x00028804                bsp_btn_ble_sleep_mode_prepare
 .text.bsp_btn_ble_init
                0x00028828       0x70 _build/nrf52832_xxaa/bsp_btn_ble.c.o
                0x00028828                bsp_btn_ble_init
 .text.sd_ble_gap_disconnect
                0x00028898        0x4 _build/nrf52832_xxaa/main.c.o
 .text.sd_ble_gap_ppcp_set
                0x0002889c        0x4 _build/nrf52832_xxaa/main.c.o
 .text.sd_ble_gap_device_name_set
                0x000288a0        0x4 _build/nrf52832_xxaa/main.c.o
 .text.sd_ble_gap_phy_update
                0x000288a4        0x4 _build/nrf52832_xxaa/main.c.o
 .text.sd_ble_gatts_rw_authorize_reply
                0x000288a8        0x4 _build/nrf52832_xxaa/main.c.o
 .text.sd_ble_user_mem_reply
                0x000288ac        0x4 _build/nrf52832_xxaa/main.c.o
 .text.sd_power_system_off
                0x000288b0        0x4 _build/nrf52832_xxaa/main.c.o
 .text.sd_app_evt_wait
                0x000288b4        0x4 _build/nrf52832_xxaa/main.c.o
 .text.timer_timeout_handler
                0x000288b8        0xc _build/nrf52832_xxaa/main.c.o
 .text.on_power_evt
                0x000288c4        0x4 _build/nrf52832_xxaa/main.c.o
 .text.uart_event_handler
                0x000288c8        0x4 _build/nrf52832_xxaa/main.c.o
 .text.timer_handler
                0x000288cc        0x4 _build/nrf52832_xxaa/main.c.o
                0x000288cc                timer_handler
 .text.conn_params_error_handler
                0x000288d0        0x4 _build/nrf52832_xxaa/main.c.o
 .text.ble_evt_handler
                0x000288d4       0xbc _build/nrf52832_xxaa/main.c.o
 .text.on_conn_params_evt
                0x00028990       0x24 _build/nrf52832_xxaa/main.c.o
 .text.bsp_event_handler
                0x000289b4       0x70 _build/nrf52832_xxaa/main.c.o
                0x000289b4                bsp_event_handler
 .text.saadc_callback
                0x00028a24       0x84 _build/nrf52832_xxaa/main.c.o
                0x00028a24                saadc_callback
 .text.on_cus_evt
                0x00028aa8       0x2c _build/nrf52832_xxaa/main.c.o
 .text.pm_evt_handler
                0x00028ad4       0x78 _build/nrf52832_xxaa/main.c.o
 .text.on_adv_evt
                0x00028b4c       0x3c _build/nrf52832_xxaa/main.c.o
 .text.saadc_init
                0x00028b88       0xc4 _build/nrf52832_xxaa/main.c.o
                0x00028b88                saadc_init
 .text.saadc_sampling_event_init
                0x00028c4c       0x9c _build/nrf52832_xxaa/main.c.o
                0x00028c4c                saadc_sampling_event_init
 .text.saadc_sampling_event_enable
                0x00028ce8       0x1c _build/nrf52832_xxaa/main.c.o
                0x00028ce8                saadc_sampling_event_enable
 .text.startup.main
                0x00028d04      0x3b0 _build/nrf52832_xxaa/main.c.o
                0x00028d04                main
 .text.sd_ble_gatts_service_add
                0x000290b4        0x4 _build/nrf52832_xxaa/ble_cus.c.o
 .text.sd_ble_gatts_characteristic_add
                0x000290b8        0x4 _build/nrf52832_xxaa/ble_cus.c.o
 .text.sd_ble_uuid_vs_add
                0x000290bc        0x4 _build/nrf52832_xxaa/ble_cus.c.o
 .text.ble_cus_on_ble_evt
                0x000290c0       0xb8 _build/nrf52832_xxaa/ble_cus.c.o
                0x000290c0                ble_cus_on_ble_evt
 .text.ble_cus_init
                0x00029178      0x144 _build/nrf52832_xxaa/ble_cus.c.o
                0x00029178                ble_cus_init
 .text.ble_cus_readPWMValue
                0x000292bc        0xc _build/nrf52832_xxaa/ble_cus.c.o
                0x000292bc                ble_cus_readPWMValue
 .text.sd_ble_gatts_service_add
                0x000292c8        0x4 _build/nrf52832_xxaa/ble_power.c.o
 .text.sd_ble_gatts_characteristic_add
                0x000292cc        0x4 _build/nrf52832_xxaa/ble_power.c.o
 .text.sd_ble_gatts_value_set
                0x000292d0        0x4 _build/nrf52832_xxaa/ble_power.c.o
 .text.sd_ble_gatts_hvx
                0x000292d4        0x4 _build/nrf52832_xxaa/ble_power.c.o
 .text.sd_ble_uuid_vs_add
                0x000292d8        0x4 _build/nrf52832_xxaa/ble_power.c.o
 .text.ble_power_on_ble_evt
                0x000292dc       0x48 _build/nrf52832_xxaa/ble_power.c.o
                0x000292dc                ble_power_on_ble_evt
 .text.ble_power_init
                0x00029324      0x42c _build/nrf52832_xxaa/ble_power.c.o
                0x00029324                ble_power_init
 .text.ble_power_battery_current_value_update
                0x00029750       0x7c _build/nrf52832_xxaa/ble_power.c.o
                0x00029750                ble_power_battery_current_value_update
 .text.ble_power_battery_voltage_value_update
                0x000297cc       0x7c _build/nrf52832_xxaa/ble_power.c.o
                0x000297cc                ble_power_battery_voltage_value_update
 .text.ble_power_pv_current_value_update
                0x00029848       0x7c _build/nrf52832_xxaa/ble_power.c.o
                0x00029848                ble_power_pv_current_value_update
 .text.ble_power_pv_voltage_value_update
                0x000298c4       0x7c _build/nrf52832_xxaa/ble_power.c.o
                0x000298c4                ble_power_pv_voltage_value_update
 .text.sd_ble_gap_addr_get
                0x00029940        0x4 _build/nrf52832_xxaa/ble_advdata.c.o
 .text.sd_ble_gap_adv_data_set
                0x00029944        0x4 _build/nrf52832_xxaa/ble_advdata.c.o
 .text.sd_ble_gap_appearance_get
                0x00029948        0x4 _build/nrf52832_xxaa/ble_advdata.c.o
 .text.sd_ble_gap_device_name_get
                0x0002994c        0x4 _build/nrf52832_xxaa/ble_advdata.c.o
 .text.sd_ble_uuid_encode
                0x00029950        0x4 _build/nrf52832_xxaa/ble_advdata.c.o
 .text.uuid_list_sized_encode
                0x00029954       0xb8 _build/nrf52832_xxaa/ble_advdata.c.o
 .text.ble_advdata_encode
                0x00029a0c      0x3f8 _build/nrf52832_xxaa/ble_advdata.c.o
                0x00029a0c                ble_advdata_encode
 .text.ble_advdata_set
                0x00029e04      0x4dc _build/nrf52832_xxaa/ble_advdata.c.o
                0x00029e04                ble_advdata_set
 .text.sd_ble_gap_adv_start
                0x0002a2e0        0x4 _build/nrf52832_xxaa/ble_advertising.c.o
 .text.sd_ble_gap_adv_stop
                0x0002a2e4        0x4 _build/nrf52832_xxaa/ble_advertising.c.o
 .text.ble_advertising_start.part.2
                0x0002a2e8      0x204 _build/nrf52832_xxaa/ble_advertising.c.o
 .text.ble_advertising_conn_cfg_tag_set
                0x0002a4ec        0x8 _build/nrf52832_xxaa/ble_advertising.c.o
                0x0002a4ec                ble_advertising_conn_cfg_tag_set
 .text.ble_advertising_init
                0x0002a4f4      0x160 _build/nrf52832_xxaa/ble_advertising.c.o
                0x0002a4f4                ble_advertising_init
 .text.ble_advertising_start
                0x0002a654       0x2c _build/nrf52832_xxaa/ble_advertising.c.o
                0x0002a654                ble_advertising_start
 .text.ble_advertising_on_ble_evt
                0x0002a680       0x9c _build/nrf52832_xxaa/ble_advertising.c.o
                0x0002a680                ble_advertising_on_ble_evt
 .text.ble_advertising_on_sys_evt
                0x0002a71c       0x44 _build/nrf52832_xxaa/ble_advertising.c.o
                0x0002a71c                ble_advertising_on_sys_evt
 .text.ble_advertising_restart_without_whitelist
                0x0002a760       0x58 _build/nrf52832_xxaa/ble_advertising.c.o
                0x0002a760                ble_advertising_restart_without_whitelist
 .text.sd_ble_gap_conn_param_update
                0x0002a7b8        0x4 _build/nrf52832_xxaa/ble_conn_params.c.o
 .text.sd_ble_gap_disconnect
                0x0002a7bc        0x4 _build/nrf52832_xxaa/ble_conn_params.c.o
 .text.sd_ble_gap_ppcp_set
                0x0002a7c0        0x4 _build/nrf52832_xxaa/ble_conn_params.c.o
 .text.sd_ble_gap_ppcp_get
                0x0002a7c4        0x4 _build/nrf52832_xxaa/ble_conn_params.c.o
 .text.update_timeout_handler
                0x0002a7c8       0x80 _build/nrf52832_xxaa/ble_conn_params.c.o
 .text.ble_evt_handler
                0x0002a848      0x1f4 _build/nrf52832_xxaa/ble_conn_params.c.o
 .text.ble_conn_params_init
                0x0002aa3c       0x7c _build/nrf52832_xxaa/ble_conn_params.c.o
                0x0002aa3c                ble_conn_params_init
 .text.ble_evt_handler
                0x0002aab8      0x11c _build/nrf52832_xxaa/ble_conn_state.c.o
 .text.ble_conn_state_role
                0x0002abd4       0x2c _build/nrf52832_xxaa/ble_conn_state.c.o
                0x0002abd4                ble_conn_state_role
 .text.ble_conn_state_encrypted
                0x0002ac00       0x10 _build/nrf52832_xxaa/ble_conn_state.c.o
                0x0002ac00                ble_conn_state_encrypted
 .text.ble_conn_state_mitm_protected
                0x0002ac10       0x10 _build/nrf52832_xxaa/ble_conn_state.c.o
                0x0002ac10                ble_conn_state_mitm_protected
 .text.ble_conn_state_conn_handles
                0x0002ac20       0x18 _build/nrf52832_xxaa/ble_conn_state.c.o
                0x0002ac20                ble_conn_state_conn_handles
 .text.ble_conn_state_user_flag_acquire
                0x0002ac38       0x30 _build/nrf52832_xxaa/ble_conn_state.c.o
                0x0002ac38                ble_conn_state_user_flag_acquire
 .text.ble_conn_state_user_flag_get
                0x0002ac68       0x28 _build/nrf52832_xxaa/ble_conn_state.c.o
                0x0002ac68                ble_conn_state_user_flag_get
 .text.ble_conn_state_user_flag_set
                0x0002ac90       0x28 _build/nrf52832_xxaa/ble_conn_state.c.o
                0x0002ac90                ble_conn_state_user_flag_set
 .text.ble_conn_state_user_flag_collection
                0x0002acb8       0x24 _build/nrf52832_xxaa/ble_conn_state.c.o
                0x0002acb8                ble_conn_state_user_flag_collection
 .text.ble_srv_is_notification_enabled
                0x0002acdc        0x8 _build/nrf52832_xxaa/ble_srv_common.c.o
                0x0002acdc                ble_srv_is_notification_enabled
 .text.local_db_update_in_evt
                0x0002ace4       0x9c _build/nrf52832_xxaa/gatt_cache_manager.c.o
 .text.local_db_apply_in_evt.part.1
                0x0002ad80       0x94 _build/nrf52832_xxaa/gatt_cache_manager.c.o
 .text.service_changed_pending_flags_check.part.2
                0x0002ae14      0x110 _build/nrf52832_xxaa/gatt_cache_manager.c.o
 .text.gcm_gscm_evt_handler
                0x0002af24       0x80 _build/nrf52832_xxaa/gatt_cache_manager.c.o
                0x0002af24                gcm_gscm_evt_handler
 .text.gcm_im_evt_handler
                0x0002afa4       0xa8 _build/nrf52832_xxaa/gatt_cache_manager.c.o
                0x0002afa4                gcm_im_evt_handler
 .text.gcm_smd_evt_handler
                0x0002b04c       0xb0 _build/nrf52832_xxaa/gatt_cache_manager.c.o
                0x0002b04c                gcm_smd_evt_handler
 .text.gcm_init
                0x0002b0fc       0x54 _build/nrf52832_xxaa/gatt_cache_manager.c.o
                0x0002b0fc                gcm_init
 .text.gcm_ble_evt_handler
                0x0002b150      0x128 _build/nrf52832_xxaa/gatt_cache_manager.c.o
                0x0002b150                gcm_ble_evt_handler
 .text.gcm_local_database_has_changed
                0x0002b278       0x70 _build/nrf52832_xxaa/gatt_cache_manager.c.o
                0x0002b278                gcm_local_database_has_changed
 .text.sd_ble_gatts_service_changed
                0x0002b2e8        0x4 _build/nrf52832_xxaa/gatts_cache_manager.c.o
 .text.sd_ble_gatts_sys_attr_set
                0x0002b2ec        0x4 _build/nrf52832_xxaa/gatts_cache_manager.c.o
 .text.sd_ble_gatts_sys_attr_get
                0x0002b2f0        0x4 _build/nrf52832_xxaa/gatts_cache_manager.c.o
 .text.gscm_pdb_evt_handler
                0x0002b2f4       0x88 _build/nrf52832_xxaa/gatts_cache_manager.c.o
                0x0002b2f4                gscm_pdb_evt_handler
 .text.gscm_init
                0x0002b37c       0x10 _build/nrf52832_xxaa/gatts_cache_manager.c.o
                0x0002b37c                gscm_init
 .text.gscm_local_db_cache_update
                0x0002b38c       0x90 _build/nrf52832_xxaa/gatts_cache_manager.c.o
                0x0002b38c                gscm_local_db_cache_update
 .text.gscm_local_db_cache_apply
                0x0002b41c       0x84 _build/nrf52832_xxaa/gatts_cache_manager.c.o
                0x0002b41c                gscm_local_db_cache_apply
 .text.gscm_local_database_has_changed
                0x0002b4a0       0x5c _build/nrf52832_xxaa/gatts_cache_manager.c.o
                0x0002b4a0                gscm_local_database_has_changed
 .text.gscm_service_changed_ind_needed
                0x0002b4fc       0x24 _build/nrf52832_xxaa/gatts_cache_manager.c.o
                0x0002b4fc                gscm_service_changed_ind_needed
 .text.gscm_service_changed_ind_send
                0x0002b520       0x2c _build/nrf52832_xxaa/gatts_cache_manager.c.o
                0x0002b520                gscm_service_changed_ind_send
 .text.gscm_db_change_notification_done
                0x0002b54c       0x24 _build/nrf52832_xxaa/gatts_cache_manager.c.o
                0x0002b54c                gscm_db_change_notification_done
 .text.sd_ecb_block_encrypt
                0x0002b570        0x4 _build/nrf52832_xxaa/id_manager.c.o
 .text.im_ble_evt_handler
                0x0002b574      0x270 _build/nrf52832_xxaa/id_manager.c.o
                0x0002b574                im_ble_evt_handler
 .text.im_pdb_evt_handler
                0x0002b7e4      0x114 _build/nrf52832_xxaa/id_manager.c.o
                0x0002b7e4                im_pdb_evt_handler
 .text.im_init  0x0002b8f8       0x34 _build/nrf52832_xxaa/id_manager.c.o
                0x0002b8f8                im_init
 .text.im_peer_id_get_by_conn_handle
                0x0002b92c       0x40 _build/nrf52832_xxaa/id_manager.c.o
                0x0002b92c                im_peer_id_get_by_conn_handle
 .text.im_ble_addr_get
                0x0002b96c       0x54 _build/nrf52832_xxaa/id_manager.c.o
                0x0002b96c                im_ble_addr_get
 .text.im_master_ids_compare
                0x0002b9c0       0x48 _build/nrf52832_xxaa/id_manager.c.o
                0x0002b9c0                im_master_ids_compare
 .text.im_peer_id_get_by_master_id
                0x0002ba08       0xe0 _build/nrf52832_xxaa/id_manager.c.o
                0x0002ba08                im_peer_id_get_by_master_id
 .text.im_conn_handle_get
                0x0002bae8       0x34 _build/nrf52832_xxaa/id_manager.c.o
                0x0002bae8                im_conn_handle_get
 .text.im_master_id_is_valid
                0x0002bb1c       0x30 _build/nrf52832_xxaa/id_manager.c.o
                0x0002bb1c                im_master_id_is_valid
 .text.im_new_peer_id
                0x0002bb4c       0x3c _build/nrf52832_xxaa/id_manager.c.o
                0x0002bb4c                im_new_peer_id
 .text.im_peer_free
                0x0002bb88       0x7c _build/nrf52832_xxaa/id_manager.c.o
                0x0002bb88                im_peer_free
 .text.sd_ble_gap_data_length_update
                0x0002bc04        0x4 _build/nrf52832_xxaa/nrf_ble_gatt.c.o
 .text.sd_ble_gattc_exchange_mtu_request
                0x0002bc08        0x4 _build/nrf52832_xxaa/nrf_ble_gatt.c.o
 .text.sd_ble_gatts_exchange_mtu_reply
                0x0002bc0c        0x4 _build/nrf52832_xxaa/nrf_ble_gatt.c.o
 .text.nrf_ble_gatt_init
                0x0002bc10       0x2c _build/nrf52832_xxaa/nrf_ble_gatt.c.o
                0x0002bc10                nrf_ble_gatt_init
 .text.nrf_ble_gatt_on_ble_evt
                0x0002bc3c      0x180 _build/nrf52832_xxaa/nrf_ble_gatt.c.o
                0x0002bc3c                nrf_ble_gatt_on_ble_evt
 .text.peer_data_delete
                0x0002bdbc       0x90 _build/nrf52832_xxaa/peer_data_storage.c.o
 .text.fds_evt_handler
                0x0002be4c      0x12c _build/nrf52832_xxaa/peer_data_storage.c.o
 .text.pds_init
                0x0002bf78       0x68 _build/nrf52832_xxaa/peer_data_storage.c.o
                0x0002bf78                pds_init
 .text.pds_peer_data_read
                0x0002bfe0       0x84 _build/nrf52832_xxaa/peer_data_storage.c.o
                0x0002bfe0                pds_peer_data_read
 .text.pds_peer_data_iterate_prepare
                0x0002c064       0x10 _build/nrf52832_xxaa/peer_data_storage.c.o
                0x0002c064                pds_peer_data_iterate_prepare
 .text.pds_peer_data_iterate
                0x0002c074       0x50 _build/nrf52832_xxaa/peer_data_storage.c.o
                0x0002c074                pds_peer_data_iterate
 .text.pds_space_reserve
                0x0002c0c4       0x34 _build/nrf52832_xxaa/peer_data_storage.c.o
                0x0002c0c4                pds_space_reserve
 .text.pds_space_reserve_cancel
                0x0002c0f8       0x20 _build/nrf52832_xxaa/peer_data_storage.c.o
                0x0002c0f8                pds_space_reserve_cancel
 .text.pds_peer_data_store
                0x0002c118       0xb4 _build/nrf52832_xxaa/peer_data_storage.c.o
                0x0002c118                pds_peer_data_store
 .text.pds_peer_id_allocate
                0x0002c1cc        0x8 _build/nrf52832_xxaa/peer_data_storage.c.o
                0x0002c1cc                pds_peer_id_allocate
 .text.pds_peer_id_free
                0x0002c1d4       0x18 _build/nrf52832_xxaa/peer_data_storage.c.o
                0x0002c1d4                pds_peer_id_free
 .text.pds_peer_id_is_allocated
                0x0002c1ec        0x4 _build/nrf52832_xxaa/peer_data_storage.c.o
                0x0002c1ec                pds_peer_id_is_allocated
 .text.pds_next_peer_id_get
                0x0002c1f0        0x4 _build/nrf52832_xxaa/peer_data_storage.c.o
                0x0002c1f0                pds_next_peer_id_get
 .text.pds_next_deleted_peer_id_get
                0x0002c1f4        0x4 _build/nrf52832_xxaa/peer_data_storage.c.o
                0x0002c1f4                pds_next_deleted_peer_id_get
 .text.pdb_write_buf_store.part.2
                0x0002c1f8      0x31c _build/nrf52832_xxaa/peer_database.c.o
 .text.pdb_pds_evt_handler
                0x0002c514      0x500 _build/nrf52832_xxaa/peer_database.c.o
                0x0002c514                pdb_pds_evt_handler
 .text.pdb_init
                0x0002ca14      0x150 _build/nrf52832_xxaa/peer_database.c.o
                0x0002ca14                pdb_init
 .text.pdb_peer_allocate
                0x0002cb64        0x4 _build/nrf52832_xxaa/peer_database.c.o
                0x0002cb64                pdb_peer_allocate
 .text.pdb_peer_free
                0x0002cb68      0x3f4 _build/nrf52832_xxaa/peer_database.c.o
                0x0002cb68                pdb_peer_free
 .text.pdb_peer_data_ptr_get
                0x0002cf5c        0x8 _build/nrf52832_xxaa/peer_database.c.o
                0x0002cf5c                pdb_peer_data_ptr_get
 .text.pdb_write_buf_get
                0x0002cf64      0x540 _build/nrf52832_xxaa/peer_database.c.o
                0x0002cf64                pdb_write_buf_get
 .text.pdb_write_buf_release
                0x0002d4a4      0x284 _build/nrf52832_xxaa/peer_database.c.o
                0x0002d4a4                pdb_write_buf_release
 .text.pdb_write_buf_store_prepare
                0x0002d728      0x288 _build/nrf52832_xxaa/peer_database.c.o
                0x0002d728                pdb_write_buf_store_prepare
 .text.pdb_write_buf_store
                0x0002d9b0       0x10 _build/nrf52832_xxaa/peer_database.c.o
                0x0002d9b0                pdb_write_buf_store
 .text.pdb_next_peer_id_get
                0x0002d9c0        0x4 _build/nrf52832_xxaa/peer_database.c.o
                0x0002d9c0                pdb_next_peer_id_get
 .text.pdb_next_deleted_peer_id_get
                0x0002d9c4        0x4 _build/nrf52832_xxaa/peer_database.c.o
                0x0002d9c4                pdb_next_deleted_peer_id_get
 .text.pdb_raw_store
                0x0002d9c8        0x8 _build/nrf52832_xxaa/peer_database.c.o
                0x0002d9c8                pdb_raw_store
 .text.peer_id_init
                0x0002d9d0       0x2c _build/nrf52832_xxaa/peer_id.c.o
                0x0002d9d0                peer_id_init
 .text.peer_id_allocate
                0x0002d9fc       0x40 _build/nrf52832_xxaa/peer_id.c.o
                0x0002d9fc                peer_id_allocate
 .text.peer_id_delete
                0x0002da3c       0x28 _build/nrf52832_xxaa/peer_id.c.o
                0x0002da3c                peer_id_delete
 .text.peer_id_free
                0x0002da64       0x28 _build/nrf52832_xxaa/peer_id.c.o
                0x0002da64                peer_id_free
 .text.peer_id_is_allocated
                0x0002da8c       0x14 _build/nrf52832_xxaa/peer_id.c.o
                0x0002da8c                peer_id_is_allocated
 .text.peer_id_get_next_used
                0x0002daa0       0x68 _build/nrf52832_xxaa/peer_id.c.o
                0x0002daa0                peer_id_get_next_used
 .text.peer_id_get_next_deleted
                0x0002db08       0x3c _build/nrf52832_xxaa/peer_id.c.o
                0x0002db08                peer_id_get_next_deleted
 .text.ble_evt_handler
                0x0002db44       0x24 _build/nrf52832_xxaa/peer_manager.c.o
 .text.pm_pdb_evt_handler
                0x0002db68      0x228 _build/nrf52832_xxaa/peer_manager.c.o
                0x0002db68                pm_pdb_evt_handler
 .text.pm_sm_evt_handler
                0x0002dd90      0x1bc _build/nrf52832_xxaa/peer_manager.c.o
                0x0002dd90                pm_sm_evt_handler
 .text.pm_gcm_evt_handler
                0x0002df4c       0xb8 _build/nrf52832_xxaa/peer_manager.c.o
                0x0002df4c                pm_gcm_evt_handler
 .text.pm_im_evt_handler
                0x0002e004       0x74 _build/nrf52832_xxaa/peer_manager.c.o
                0x0002e004                pm_im_evt_handler
 .text.pm_init  0x0002e078       0x90 _build/nrf52832_xxaa/peer_manager.c.o
                0x0002e078                pm_init
 .text.pm_register
                0x0002e108       0x38 _build/nrf52832_xxaa/peer_manager.c.o
                0x0002e108                pm_register
 .text.pm_sec_params_set
                0x0002e140       0x14 _build/nrf52832_xxaa/peer_manager.c.o
                0x0002e140                pm_sec_params_set
 .text.pm_conn_sec_config_reply
                0x0002e154        0x4 _build/nrf52832_xxaa/peer_manager.c.o
                0x0002e154                pm_conn_sec_config_reply
 .text.pm_local_database_has_changed
                0x0002e158       0x10 _build/nrf52832_xxaa/peer_manager.c.o
                0x0002e158                pm_local_database_has_changed
 .text.pm_peers_delete
                0x0002e168       0xa8 _build/nrf52832_xxaa/peer_manager.c.o
                0x0002e168                pm_peers_delete
 .text.pm_buffer_init
                0x0002e210       0x54 _build/nrf52832_xxaa/pm_buffer.c.o
                0x0002e210                pm_buffer_init
 .text.pm_buffer_block_acquire
                0x0002e264       0x98 _build/nrf52832_xxaa/pm_buffer.c.o
                0x0002e264                pm_buffer_block_acquire
 .text.pm_buffer_ptr_get
                0x0002e2fc       0x30 _build/nrf52832_xxaa/pm_buffer.c.o
                0x0002e2fc                pm_buffer_ptr_get
 .text.pm_buffer_release
                0x0002e32c       0x30 _build/nrf52832_xxaa/pm_buffer.c.o
                0x0002e32c                pm_buffer_release
 .text.pm_mutex_init
                0x0002e35c       0x10 _build/nrf52832_xxaa/pm_mutex.c.o
                0x0002e35c                pm_mutex_init
 .text.pm_mutex_lock
                0x0002e36c       0x54 _build/nrf52832_xxaa/pm_mutex.c.o
                0x0002e36c                pm_mutex_lock
 .text.pm_mutex_unlock
                0x0002e3c0       0x40 _build/nrf52832_xxaa/pm_mutex.c.o
                0x0002e3c0                pm_mutex_unlock
 .text.pm_mutex_lock_first_available
                0x0002e400       0x74 _build/nrf52832_xxaa/pm_mutex.c.o
                0x0002e400                pm_mutex_lock_first_available
 .text.pm_mutex_lock_status_get
                0x0002e474       0x20 _build/nrf52832_xxaa/pm_mutex.c.o
                0x0002e474                pm_mutex_lock_status_get
 .text.sd_ble_gap_authenticate
                0x0002e494        0x4 _build/nrf52832_xxaa/security_dispatcher.c.o
 .text.sd_ble_gap_sec_params_reply
                0x0002e498        0x4 _build/nrf52832_xxaa/security_dispatcher.c.o
 .text.sd_ble_gap_encrypt
                0x0002e49c        0x4 _build/nrf52832_xxaa/security_dispatcher.c.o
 .text.sd_ble_gap_sec_info_reply
                0x0002e4a0        0x4 _build/nrf52832_xxaa/security_dispatcher.c.o
 .text.pairing_failure
                0x0002e4a4       0x80 _build/nrf52832_xxaa/security_dispatcher.c.o
 .text.smd_pdb_evt_handler
                0x0002e524       0x3c _build/nrf52832_xxaa/security_dispatcher.c.o
                0x0002e524                smd_pdb_evt_handler
 .text.smd_init
                0x0002e560       0x60 _build/nrf52832_xxaa/security_dispatcher.c.o
                0x0002e560                smd_init
 .text.smd_params_reply
                0x0002e5c0      0x1d8 _build/nrf52832_xxaa/security_dispatcher.c.o
                0x0002e5c0                smd_params_reply
 .text.smd_link_secure
                0x0002e798      0x254 _build/nrf52832_xxaa/security_dispatcher.c.o
                0x0002e798                smd_link_secure
 .text.smd_ble_evt_handler
                0x0002e9ec      0x3b8 _build/nrf52832_xxaa/security_dispatcher.c.o
                0x0002e9ec                smd_ble_evt_handler
 .text.link_secure.part.1
                0x0002eda4      0x148 _build/nrf52832_xxaa/security_manager.c.o
 .text.smd_params_reply_perform
                0x0002eeec      0x178 _build/nrf52832_xxaa/security_manager.c.o
 .text.sm_smd_evt_handler
                0x0002f064       0x80 _build/nrf52832_xxaa/security_manager.c.o
                0x0002f064                sm_smd_evt_handler
 .text.sm_pdb_evt_handler
                0x0002f0e4      0x1a4 _build/nrf52832_xxaa/security_manager.c.o
                0x0002f0e4                sm_pdb_evt_handler
 .text.sm_init  0x0002f288       0xbc _build/nrf52832_xxaa/security_manager.c.o
                0x0002f288                sm_init
 .text.sm_ble_evt_handler
                0x0002f344       0x90 _build/nrf52832_xxaa/security_manager.c.o
                0x0002f344                sm_ble_evt_handler
 .text.sm_sec_params_set
                0x0002f3d4       0x74 _build/nrf52832_xxaa/security_manager.c.o
                0x0002f3d4                sm_sec_params_set
 .text.sm_conn_sec_config_reply
                0x0002f448       0x14 _build/nrf52832_xxaa/security_manager.c.o
                0x0002f448                sm_conn_sec_config_reply
 .text          0x0002f45c       0x3c _build/nrf52832_xxaa/gcc_startup_nrf52.S.o
                0x0002f45c                Reset_Handler
                0x0002f484                NMI_Handler
                0x0002f486                HardFault_Handler
                0x0002f488                MemoryManagement_Handler
                0x0002f48a                BusFault_Handler
                0x0002f48c                UsageFault_Handler
                0x0002f48e                SVC_Handler
                0x0002f490                DebugMon_Handler
                0x0002f492                PendSV_Handler
                0x0002f494                SysTick_Handler
                0x0002f496                TEMP_IRQHandler
                0x0002f496                QDEC_IRQHandler
                0x0002f496                FPU_IRQHandler
                0x0002f496                SPIM0_SPIS0_TWIM0_TWIS0_SPI0_TWI0_IRQHandler
                0x0002f496                PDM_IRQHandler
                0x0002f496                TIMER4_IRQHandler
                0x0002f496                I2S_IRQHandler
                0x0002f496                SWI4_EGU4_IRQHandler
                0x0002f496                TIMER0_IRQHandler
                0x0002f496                RADIO_IRQHandler
                0x0002f496                RTC0_IRQHandler
                0x0002f496                PWM2_IRQHandler
                0x0002f496                ECB_IRQHandler
                0x0002f496                SPIM1_SPIS1_TWIM1_TWIS1_SPI1_TWI1_IRQHandler
                0x0002f496                Default_Handler
                0x0002f496                CCM_AAR_IRQHandler
                0x0002f496                WDT_IRQHandler
                0x0002f496                PWM1_IRQHandler
                0x0002f496                SWI5_EGU5_IRQHandler
                0x0002f496                RNG_IRQHandler
                0x0002f496                RTC2_IRQHandler
                0x0002f496                SWI3_EGU3_IRQHandler
                0x0002f496                SWI1_EGU1_IRQHandler
                0x0002f496                SPIM2_SPIS2_SPI2_IRQHandler
                0x0002f496                NFCT_IRQHandler
                0x0002f496                TIMER1_IRQHandler
                0x0002f496                MWU_IRQHandler
                0x0002f496                TIMER2_IRQHandler
                0x0002f496                COMP_LPCOMP_IRQHandler
 .text.SystemInit
                0x0002f498      0x390 _build/nrf52832_xxaa/system_nrf52.c.o
                0x0002f498                SystemInit
 .text.sd_softdevice_enable
                0x0002f828        0x4 _build/nrf52832_xxaa/nrf_sdh.c.o
 .text.sd_softdevice_disable
                0x0002f82c        0x4 _build/nrf52832_xxaa/nrf_sdh.c.o
 .text.nrf_sdh_enable_request
                0x0002f830       0xec _build/nrf52832_xxaa/nrf_sdh.c.o
                0x0002f830                nrf_sdh_enable_request
 .text.nrf_sdh_disable_request
                0x0002f91c       0xbc _build/nrf52832_xxaa/nrf_sdh.c.o
                0x0002f91c                nrf_sdh_disable_request
 .text.nrf_sdh_request_continue
                0x0002f9d8       0x20 _build/nrf52832_xxaa/nrf_sdh.c.o
                0x0002f9d8                nrf_sdh_request_continue
 .text.nrf_sdh_is_enabled
                0x0002f9f8        0xc _build/nrf52832_xxaa/nrf_sdh.c.o
                0x0002f9f8                nrf_sdh_is_enabled
 .text.SWI2_EGU2_IRQHandler
                0x0002fa04       0x2c _build/nrf52832_xxaa/nrf_sdh.c.o
                0x0002fa04                SWI2_EGU2_IRQHandler
 .text.sd_ble_enable
                0x0002fa30        0x4 _build/nrf52832_xxaa/nrf_sdh_ble.c.o
 .text.sd_ble_cfg_set
                0x0002fa34        0x4 _build/nrf52832_xxaa/nrf_sdh_ble.c.o
 .text.sd_ble_evt_get
                0x0002fa38        0x4 _build/nrf52832_xxaa/nrf_sdh_ble.c.o
 .text.nrf_sdh_ble_evts_poll
                0x0002fa3c       0x4c _build/nrf52832_xxaa/nrf_sdh_ble.c.o
 .text.nrf_sdh_ble_default_cfg_set
                0x0002fa88       0xb8 _build/nrf52832_xxaa/nrf_sdh_ble.c.o
                0x0002fa88                nrf_sdh_ble_default_cfg_set
 .text.nrf_sdh_ble_enable
                0x0002fb40        0x4 _build/nrf52832_xxaa/nrf_sdh_ble.c.o
                0x0002fb40                nrf_sdh_ble_enable
 .text.sd_evt_get
                0x0002fb44        0x4 _build/nrf52832_xxaa/nrf_sdh_soc.c.o
 .text.nrf_sdh_soc_evts_poll
                0x0002fb48       0x4c _build/nrf52832_xxaa/nrf_sdh_soc.c.o
 .text.exit     0x0002fb94       0x28 c:/program files (x86)/gnu tools arm embedded/5.4 2016q3/bin/../lib/gcc/arm-none-eabi/5.4.1/../../../../arm-none-eabi/lib/armv7e-m/fpu\libc_nano.a(lib_a-exit.o)
                0x0002fb94                exit
 .text.__libc_init_array
                0x0002fbbc       0x4c c:/program files (x86)/gnu tools arm embedded/5.4 2016q3/bin/../lib/gcc/arm-none-eabi/5.4.1/../../../../arm-none-eabi/lib/armv7e-m/fpu\libc_nano.a(lib_a-init.o)
                0x0002fbbc                __libc_init_array
 .text.memcmp   0x0002fc08       0x1e c:/program files (x86)/gnu tools arm embedded/5.4 2016q3/bin/../lib/gcc/arm-none-eabi/5.4.1/../../../../arm-none-eabi/lib/armv7e-m/fpu\libc_nano.a(lib_a-memcmp.o)
                0x0002fc08                memcmp
 .text.memcpy   0x0002fc26       0x16 c:/program files (x86)/gnu tools arm embedded/5.4 2016q3/bin/../lib/gcc/arm-none-eabi/5.4.1/../../../../arm-none-eabi/lib/armv7e-m/fpu\libc_nano.a(lib_a-memcpy-stub.o)
                0x0002fc26                memcpy
 .text.memset   0x0002fc3c       0x10 c:/program files (x86)/gnu tools arm embedded/5.4 2016q3/bin/../lib/gcc/arm-none-eabi/5.4.1/../../../../arm-none-eabi/lib/armv7e-m/fpu\libc_nano.a(lib_a-memset.o)
                0x0002fc3c                memset
 .text.sprintf  0x0002fc4c       0x48 c:/program files (x86)/gnu tools arm embedded/5.4 2016q3/bin/../lib/gcc/arm-none-eabi/5.4.1/../../../../arm-none-eabi/lib/armv7e-m/fpu\libc_nano.a(lib_a-sprintf.o)
                0x0002fc4c                siprintf
                0x0002fc4c                sprintf
 .text          0x0002fc94       0x10 c:/program files (x86)/gnu tools arm embedded/5.4 2016q3/bin/../lib/gcc/arm-none-eabi/5.4.1/../../../../arm-none-eabi/lib/armv7e-m/fpu\libc_nano.a(lib_a-strlen.o)
                0x0002fc94                strlen
 .text.__ssputs_r
                0x0002fca4       0xb2 c:/program files (x86)/gnu tools arm embedded/5.4 2016q3/bin/../lib/gcc/arm-none-eabi/5.4.1/../../../../arm-none-eabi/lib/armv7e-m/fpu\libc_nano.a(lib_a-nano-svfprintf.o)
                0x0002fca4                __ssputs_r
 *fill*         0x0002fd56        0x2 
 .text._svfprintf_r
                0x0002fd58      0x1e8 c:/program files (x86)/gnu tools arm embedded/5.4 2016q3/bin/../lib/gcc/arm-none-eabi/5.4.1/../../../../arm-none-eabi/lib/armv7e-m/fpu\libc_nano.a(lib_a-nano-svfprintf.o)
                0x0002fd58                _svfiprintf_r
                0x0002fd58                _svfprintf_r
 .text._printf_common
                0x0002ff40       0xec c:/program files (x86)/gnu tools arm embedded/5.4 2016q3/bin/../lib/gcc/arm-none-eabi/5.4.1/../../../../arm-none-eabi/lib/armv7e-m/fpu\libc_nano.a(lib_a-nano-vfprintf_i.o)
                0x0002ff40                _printf_common
 .text._printf_i
                0x0003002c      0x24c c:/program files (x86)/gnu tools arm embedded/5.4 2016q3/bin/../lib/gcc/arm-none-eabi/5.4.1/../../../../arm-none-eabi/lib/armv7e-m/fpu\libc_nano.a(lib_a-nano-vfprintf_i.o)
                0x0003002c                _printf_i
 *fill*         0x00030278        0x8 
 .text          0x00030280       0xa0 c:/program files (x86)/gnu tools arm embedded/5.4 2016q3/bin/../lib/gcc/arm-none-eabi/5.4.1/../../../../arm-none-eabi/lib/armv7e-m/fpu\libc_nano.a(lib_a-memchr.o)
                0x00030280                memchr
 .text.memmove  0x00030320       0x36 c:/program files (x86)/gnu tools arm embedded/5.4 2016q3/bin/../lib/gcc/arm-none-eabi/5.4.1/../../../../arm-none-eabi/lib/armv7e-m/fpu\libc_nano.a(lib_a-memmove.o)
                0x00030320                memmove
 *fill*         0x00030356        0x2 
 .text._free_r  0x00030358       0x9c c:/program files (x86)/gnu tools arm embedded/5.4 2016q3/bin/../lib/gcc/arm-none-eabi/5.4.1/../../../../arm-none-eabi/lib/armv7e-m/fpu\libc_nano.a(lib_a-nano-freer.o)
                0x00030358                _free_r
 .text._malloc_r
                0x000303f4       0xbc c:/program files (x86)/gnu tools arm embedded/5.4 2016q3/bin/../lib/gcc/arm-none-eabi/5.4.1/../../../../arm-none-eabi/lib/armv7e-m/fpu\libc_nano.a(lib_a-nano-mallocr.o)
                0x000303f4                _malloc_r
 .text._realloc_r
                0x000304b0       0x4c c:/program files (x86)/gnu tools arm embedded/5.4 2016q3/bin/../lib/gcc/arm-none-eabi/5.4.1/../../../../arm-none-eabi/lib/armv7e-m/fpu\libc_nano.a(lib_a-nano-reallocr.o)
                0x000304b0                _realloc_r
 .text._sbrk_r  0x000304fc       0x20 c:/program files (x86)/gnu tools arm embedded/5.4 2016q3/bin/../lib/gcc/arm-none-eabi/5.4.1/../../../../arm-none-eabi/lib/armv7e-m/fpu\libc_nano.a(lib_a-sbrkr.o)
                0x000304fc                _sbrk_r
 .text.__malloc_lock
                0x0003051c        0x2 c:/program files (x86)/gnu tools arm embedded/5.4 2016q3/bin/../lib/gcc/arm-none-eabi/5.4.1/../../../../arm-none-eabi/lib/armv7e-m/fpu\libc_nano.a(lib_a-mlock.o)
                0x0003051c                __malloc_lock
 .text.__malloc_unlock
                0x0003051e        0x2 c:/program files (x86)/gnu tools arm embedded/5.4 2016q3/bin/../lib/gcc/arm-none-eabi/5.4.1/../../../../arm-none-eabi/lib/armv7e-m/fpu\libc_nano.a(lib_a-mlock.o)
                0x0003051e                __malloc_unlock
 .text._malloc_usable_size_r
                0x00030520       0x14 c:/program files (x86)/gnu tools arm embedded/5.4 2016q3/bin/../lib/gcc/arm-none-eabi/5.4.1/../../../../arm-none-eabi/lib/armv7e-m/fpu\libc_nano.a(lib_a-nano-msizer.o)
                0x00030520                _malloc_usable_size_r
 .text._sbrk    0x00030534       0x1c c:/program files (x86)/gnu tools arm embedded/5.4 2016q3/bin/../lib/gcc/arm-none-eabi/5.4.1/../../../../arm-none-eabi/lib/armv7e-m/fpu\libnosys.a(sbrk.o)
                0x00030534                _sbrk
 .text._exit    0x00030550        0x4 c:/program files (x86)/gnu tools arm embedded/5.4 2016q3/bin/../lib/gcc/arm-none-eabi/5.4.1/../../../../arm-none-eabi/lib/armv7e-m/fpu\libnosys.a(_exit.o)
                0x00030550                _exit
 .text          0x00030554       0x30 c:/program files (x86)/gnu tools arm embedded/5.4 2016q3/bin/../lib/gcc/arm-none-eabi/5.4.1/armv7e-m/fpu\libgcc.a(_aeabi_uldivmod.o)
                0x00030554                __aeabi_uldivmod
 .text          0x00030584      0x2e4 c:/program files (x86)/gnu tools arm embedded/5.4 2016q3/bin/../lib/gcc/arm-none-eabi/5.4.1/armv7e-m/fpu\libgcc.a(_udivmoddi4.o)
                0x00030584                __udivmoddi4
 .text          0x00030868        0x4 c:/program files (x86)/gnu tools arm embedded/5.4 2016q3/bin/../lib/gcc/arm-none-eabi/5.4.1/armv7e-m/fpu\libgcc.a(_dvmd_tls.o)
                0x00030868                __aeabi_idiv0
                0x00030868                __aeabi_ldiv0
 *(.init)
 .init          0x0003086c        0x4 c:/program files (x86)/gnu tools arm embedded/5.4 2016q3/bin/../lib/gcc/arm-none-eabi/5.4.1/armv7e-m/fpu/crti.o
                0x0003086c                _init
 .init          0x00030870        0x8 c:/program files (x86)/gnu tools arm embedded/5.4 2016q3/bin/../lib/gcc/arm-none-eabi/5.4.1/armv7e-m/fpu/crtn.o
 *(.fini)
 .fini          0x00030878        0x4 c:/program files (x86)/gnu tools arm embedded/5.4 2016q3/bin/../lib/gcc/arm-none-eabi/5.4.1/armv7e-m/fpu/crti.o
                0x00030878                _fini
 .fini          0x0003087c        0x8 c:/program files (x86)/gnu tools arm embedded/5.4 2016q3/bin/../lib/gcc/arm-none-eabi/5.4.1/armv7e-m/fpu/crtn.o
 *crtbegin.o(.ctors)
 *crtbegin?.o(.ctors)
 *(EXCLUDE_FILE(*crtend.o *crtend?.o) .ctors)
 *(SORT(.ctors.*))
 *(.ctors)
 *crtbegin.o(.dtors)
 *crtbegin?.o(.dtors)
 *(EXCLUDE_FILE(*crtend.o *crtend?.o) .dtors)
 *(SORT(.dtors.*))
 *(.dtors)
 *(.rodata*)
 .rodata.m_detection_delay_timer_id
                0x00030884        0x4 _build/nrf52832_xxaa/app_button.c.o
 .rodata.dirty_header.7625
                0x00030888        0x4 _build/nrf52832_xxaa/fds.c.o
 .rodata.page_tag_swap.7515
                0x0003088c        0x8 _build/nrf52832_xxaa/fds.c.o
 .rodata.page_tag_data.7519
                0x00030894        0x8 _build/nrf52832_xxaa/fds.c.o
 .rodata        0x0003089c       0x20 _build/nrf52832_xxaa/app_uart.c.o
 .rodata.nrf_fstorage_sd
                0x000308bc       0x18 _build/nrf52832_xxaa/nrf_fstorage_sd.c.o
                0x000308bc                nrf_fstorage_sd
 .rodata.m_flash_info
                0x000308d4        0x8 _build/nrf52832_xxaa/nrf_fstorage_sd.c.o
 .rodata.m_board_btn_list
                0x000308dc        0x4 _build/nrf52832_xxaa/boards.c.o
 .rodata.m_board_led_list
                0x000308e0        0x4 _build/nrf52832_xxaa/boards.c.o
 .rodata.m_default_config
                0x000308e4        0x4 _build/nrf52832_xxaa/nrf_drv_saadc.c.o
 .rodata.m_button_timer_id
                0x000308e8        0x4 _build/nrf52832_xxaa/bsp.c.o
 .rodata.m_leds_timer_id
                0x000308ec        0x4 _build/nrf52832_xxaa/bsp.c.o
 .rodata.app_buttons
                0x000308f0       0x20 _build/nrf52832_xxaa/bsp.c.o
 .rodata.m_alert_timer_id
                0x00030910        0x4 _build/nrf52832_xxaa/bsp.c.o
 .rodata        0x00030914       0x48 _build/nrf52832_xxaa/main.c.o
 .rodata.m_notif_timer
                0x0003095c        0x4 _build/nrf52832_xxaa/main.c.o
 .rodata.m_timer
                0x00030960        0x8 _build/nrf52832_xxaa/main.c.o
 .rodata.str1.4
                0x00030968       0x2c _build/nrf52832_xxaa/main.c.o
                                 0x2a (size before relaxing)
 .rodata.m_demo1_seq.12354
                0x00030994       0x10 _build/nrf52832_xxaa/main.c.o
 .rodata        0x000309a4       0x10 _build/nrf52832_xxaa/ble_cus.c.o
 .rodata        0x000309b4       0x10 _build/nrf52832_xxaa/ble_power.c.o
 .rodata        0x000309c4       0x10 _build/nrf52832_xxaa/gatts_cache_manager.c.o
 .rodata.service_changed_pending.8625
                0x000309d4        0x4 _build/nrf52832_xxaa/gatts_cache_manager.c.o
 .rodata.service_changed_pending.8688
                0x000309d8        0x4 _build/nrf52832_xxaa/gatts_cache_manager.c.o
 .rodata.m_evt_handlers
                0x000309dc       0x14 _build/nrf52832_xxaa/peer_database.c.o
 .rodata        0x000309f0        0x4 _build/nrf52832_xxaa/nrf_sdh.c.o
 .rodata.sdh_req_observers
                0x000309f4        0xc _build/nrf52832_xxaa/nrf_sdh.c.o
 .rodata.sdh_state_observers
                0x00030a00        0xc _build/nrf52832_xxaa/nrf_sdh.c.o
 .rodata.sdh_stack_observers
                0x00030a0c        0xc _build/nrf52832_xxaa/nrf_sdh.c.o
 .rodata.sdh_ble_observers
                0x00030a18        0xc _build/nrf52832_xxaa/nrf_sdh_ble.c.o
 .rodata.sdh_soc_observers
                0x00030a24        0xc _build/nrf52832_xxaa/nrf_sdh_soc.c.o
 .rodata._global_impure_ptr
                0x00030a30        0x4 c:/program files (x86)/gnu tools arm embedded/5.4 2016q3/bin/../lib/gcc/arm-none-eabi/5.4.1/../../../../arm-none-eabi/lib/armv7e-m/fpu\libc_nano.a(lib_a-impure.o)
                0x00030a30                _global_impure_ptr
 .rodata.str1.1
                0x00030a34       0x11 c:/program files (x86)/gnu tools arm embedded/5.4 2016q3/bin/../lib/gcc/arm-none-eabi/5.4.1/../../../../arm-none-eabi/lib/armv7e-m/fpu\libc_nano.a(lib_a-nano-svfprintf.o)
 .rodata.str1.1
                0x00030a45       0x22 c:/program files (x86)/gnu tools arm embedded/5.4 2016q3/bin/../lib/gcc/arm-none-eabi/5.4.1/../../../../arm-none-eabi/lib/armv7e-m/fpu\libc_nano.a(lib_a-nano-vfprintf_i.o)
 *(.eh_frame*)
 *fill*         0x00030a67        0x1 
 .eh_frame      0x00030a68        0x0 c:/program files (x86)/gnu tools arm embedded/5.4 2016q3/bin/../lib/gcc/arm-none-eabi/5.4.1/armv7e-m/fpu/crtbegin.o
 .eh_frame      0x00030a68        0x4 c:/program files (x86)/gnu tools arm embedded/5.4 2016q3/bin/../lib/gcc/arm-none-eabi/5.4.1/armv7e-m/fpu/crtend.o

.glue_7         0x00030a6c        0x0
 .glue_7        0x00030a6c        0x0 linker stubs

.glue_7t        0x00030a6c        0x0
 .glue_7t       0x00030a6c        0x0 linker stubs

.vfp11_veneer   0x00030a6c        0x0
 .vfp11_veneer  0x00030a6c        0x0 linker stubs

.v4_bx          0x00030a6c        0x0
 .v4_bx         0x00030a6c        0x0 linker stubs

.iplt           0x00030a6c        0x0
 .iplt          0x00030a6c        0x0 c:/program files (x86)/gnu tools arm embedded/5.4 2016q3/bin/../lib/gcc/arm-none-eabi/5.4.1/armv7e-m/fpu/crtbegin.o

.pwr_mgmt_data  0x00030a6c        0x0
                [!provide]                PROVIDE (__start_pwr_mgmt_data, .)
 *(SORT(.pwr_mgmt_data*))
                [!provide]                PROVIDE (__stop_pwr_mgmt_data, .)

.log_const_data
                0x00030a6c        0x0
                [!provide]                PROVIDE (__start_log_const_data, .)
 *(.log_const_data)
                [!provide]                PROVIDE (__stop_log_const_data, .)

.cli_command    0x00030a6c        0x0
                [!provide]                PROVIDE (__start_cli_command, .)
 *(.cli_command)
                [!provide]                PROVIDE (__stop_cli_command, .)

.sdh_stack_observers
                0x00030a6c       0x10
                0x00030a6c                PROVIDE (__start_sdh_stack_observers, .)
 *(SORT(.sdh_stack_observers*))
 .sdh_stack_observers0
                0x00030a6c        0x8 _build/nrf52832_xxaa/nrf_sdh_ble.c.o
 .sdh_stack_observers0
                0x00030a74        0x8 _build/nrf52832_xxaa/nrf_sdh_soc.c.o
                0x00030a7c                PROVIDE (__stop_sdh_stack_observers, .)

.sdh_req_observers
                0x00030a7c        0x8
                0x00030a7c                PROVIDE (__start_sdh_req_observers, .)
 *(SORT(.sdh_req_observers*))
 .sdh_req_observers0
                0x00030a7c        0x8 _build/nrf52832_xxaa/nrf_fstorage_sd.c.o
                0x00030a7c                m_req_obs
                0x00030a84                PROVIDE (__stop_sdh_req_observers, .)

.sdh_state_observers
                0x00030a84       0x10
                0x00030a84                PROVIDE (__start_sdh_state_observers, .)
 *(SORT(.sdh_state_observers*))
 .sdh_state_observers0
                0x00030a84        0x8 _build/nrf52832_xxaa/nrf_fstorage_sd.c.o
 .sdh_state_observers0
                0x00030a8c        0x8 _build/nrf52832_xxaa/nrf_drv_clock.c.o
                0x00030a94                PROVIDE (__stop_sdh_state_observers, .)

.sdh_ant_observers
                0x00030a94        0x0
                [!provide]                PROVIDE (__start_sdh_ant_observers, .)
 *(SORT(.sdh_ant_observers*))
                [!provide]                PROVIDE (__stop_sdh_ant_observers, .)

.sdh_ble_observers
                0x00030a94       0x48
                0x00030a94                PROVIDE (__start_sdh_ble_observers, .)
 *(SORT(.sdh_ble_observers*))
 .sdh_ble_observers0
                0x00030a94        0x8 _build/nrf52832_xxaa/ble_conn_state.c.o
 .sdh_ble_observers1
                0x00030a9c        0x8 _build/nrf52832_xxaa/bsp_btn_ble.c.o
 .sdh_ble_observers1
                0x00030aa4        0x8 _build/nrf52832_xxaa/main.c.o
 .sdh_ble_observers2
                0x00030aac       0x20 _build/nrf52832_xxaa/main.c.o
 .sdh_ble_observers2
                0x00030acc        0x8 _build/nrf52832_xxaa/ble_conn_params.c.o
 .sdh_ble_observers2
                0x00030ad4        0x8 _build/nrf52832_xxaa/peer_manager.c.o
                0x00030adc                PROVIDE (__stop_sdh_ble_observers, .)

.sdh_soc_observers
                0x00030adc       0x18
                0x00030adc                PROVIDE (__start_sdh_soc_observers, .)
 *(SORT(.sdh_soc_observers*))
 .sdh_soc_observers0
                0x00030adc        0x8 _build/nrf52832_xxaa/nrf_fstorage_sd.c.o
 .sdh_soc_observers0
                0x00030ae4        0x8 _build/nrf52832_xxaa/nrf_drv_clock.c.o
 .sdh_soc_observers1
                0x00030aec        0x8 _build/nrf52832_xxaa/main.c.o
                0x00030af4                PROVIDE (__stop_sdh_soc_observers, .)

.ARM.extab
 *(.ARM.extab* .gnu.linkonce.armextab.*)
                0x00030af4                __exidx_start = .

.ARM.exidx      0x00030af4        0x8
 *(.ARM.exidx* .gnu.linkonce.armexidx.*)
 .ARM.exidx     0x00030af4        0x8 c:/program files (x86)/gnu tools arm embedded/5.4 2016q3/bin/../lib/gcc/arm-none-eabi/5.4.1/../../../../arm-none-eabi/lib/armv7e-m/fpu/crt0.o
 .ARM.exidx     0x00030afc        0x0 c:/program files (x86)/gnu tools arm embedded/5.4 2016q3/bin/../lib/gcc/arm-none-eabi/5.4.1/armv7e-m/fpu\libgcc.a(_udivmoddi4.o)
                                  0x8 (size before relaxing)
                0x00030afc                __exidx_end = .
                0x00030afc                __etext = .

.rel.dyn        0x00030afc        0x0
 .rel.iplt      0x00030afc        0x0 c:/program files (x86)/gnu tools arm embedded/5.4 2016q3/bin/../lib/gcc/arm-none-eabi/5.4.1/armv7e-m/fpu/crtbegin.o

.data           0x20002a68       0xe4 load address 0x00030afc
                0x20002a68                __data_start__ = .
 *(vtable)
 *(.data*)
 .data.app_uart_inst
                0x20002a68        0x8 _build/nrf52832_xxaa/app_uart.c.o
 .data.m_uart   0x20002a70        0x8 _build/nrf52832_xxaa/main.c.o
                0x20002a70                m_uart
 .data.m_conn_handle
                0x20002a78        0x2 _build/nrf52832_xxaa/main.c.o
 *fill*         0x20002a7a        0x2 
 .data.m_pwm0   0x20002a7c        0x8 _build/nrf52832_xxaa/main.c.o
 .data.m_adv_uuids
                0x20002a84        0x4 _build/nrf52832_xxaa/main.c.o
 .data.user_desc.8640
                0x20002a88        0xa _build/nrf52832_xxaa/ble_cus.c.o
 *fill*         0x20002a92        0x2 
 .data.user_desc_power.8658
                0x20002a94       0x10 _build/nrf52832_xxaa/ble_power.c.o
 .data.user_desc_power.8669
                0x20002aa4        0xb _build/nrf52832_xxaa/ble_power.c.o
 *fill*         0x20002aaf        0x1 
 .data.user_desc_power.8680
                0x20002ab0        0xb _build/nrf52832_xxaa/ble_power.c.o
 *fill*         0x20002abb        0x1 
 .data.user_desc_power.8647
                0x20002abc       0x10 _build/nrf52832_xxaa/ble_power.c.o
 .data.m_flag_sec_proc_new_peer
                0x20002acc        0x1 _build/nrf52832_xxaa/security_dispatcher.c.o
 .data.m_flag_sec_proc
                0x20002acd        0x1 _build/nrf52832_xxaa/security_dispatcher.c.o
 .data.m_flag_sec_proc_pairing
                0x20002ace        0x1 _build/nrf52832_xxaa/security_dispatcher.c.o
 .data.m_flag_params_reply_pending_flash_full
                0x20002acf        0x1 _build/nrf52832_xxaa/security_manager.c.o
 .data.m_flag_reject_pairing
                0x20002ad0        0x1 _build/nrf52832_xxaa/security_manager.c.o
 .data.m_flag_params_reply_pending_busy
                0x20002ad1        0x1 _build/nrf52832_xxaa/security_manager.c.o
 .data.m_flag_link_secure_null_params
                0x20002ad2        0x1 _build/nrf52832_xxaa/security_manager.c.o
 .data.m_flag_link_secure_pending_flash_full
                0x20002ad3        0x1 _build/nrf52832_xxaa/security_manager.c.o
 .data.m_flag_link_secure_force_repairing
                0x20002ad4        0x1 _build/nrf52832_xxaa/security_manager.c.o
 .data.m_flag_link_secure_pending_busy
                0x20002ad5        0x1 _build/nrf52832_xxaa/security_manager.c.o
 *fill*         0x20002ad6        0x2 
 .data.SystemCoreClock
                0x20002ad8        0x4 _build/nrf52832_xxaa/system_nrf52.c.o
                0x20002ad8                SystemCoreClock
 .data.impure_data
                0x20002adc       0x60 c:/program files (x86)/gnu tools arm embedded/5.4 2016q3/bin/../lib/gcc/arm-none-eabi/5.4.1/../../../../arm-none-eabi/lib/armv7e-m/fpu\libc_nano.a(lib_a-impure.o)
 .data._impure_ptr
                0x20002b3c        0x4 c:/program files (x86)/gnu tools arm embedded/5.4 2016q3/bin/../lib/gcc/arm-none-eabi/5.4.1/../../../../arm-none-eabi/lib/armv7e-m/fpu\libc_nano.a(lib_a-impure.o)
                0x20002b3c                _impure_ptr
                0x20002b40                . = ALIGN (0x4)
                0x20002b40                PROVIDE (__preinit_array_start, .)
 *(.preinit_array)
                0x20002b40                PROVIDE (__preinit_array_end, .)
                0x20002b40                . = ALIGN (0x4)
                0x20002b40                PROVIDE (__init_array_start, .)
 *(SORT(.init_array.*))
 *(.init_array)
 .init_array    0x20002b40        0x4 c:/program files (x86)/gnu tools arm embedded/5.4 2016q3/bin/../lib/gcc/arm-none-eabi/5.4.1/armv7e-m/fpu/crtbegin.o
                0x20002b44                PROVIDE (__init_array_end, .)
                0x20002b44                . = ALIGN (0x4)
                [!provide]                PROVIDE (__fini_array_start, .)
 *(SORT(.fini_array.*))
 *(.fini_array)
 .fini_array    0x20002b44        0x4 c:/program files (x86)/gnu tools arm embedded/5.4 2016q3/bin/../lib/gcc/arm-none-eabi/5.4.1/armv7e-m/fpu/crtbegin.o
                [!provide]                PROVIDE (__fini_array_end, .)
 *(.jcr*)
 .jcr           0x20002b48        0x0 c:/program files (x86)/gnu tools arm embedded/5.4 2016q3/bin/../lib/gcc/arm-none-eabi/5.4.1/armv7e-m/fpu/crtbegin.o
 .jcr           0x20002b48        0x4 c:/program files (x86)/gnu tools arm embedded/5.4 2016q3/bin/../lib/gcc/arm-none-eabi/5.4.1/armv7e-m/fpu/crtend.o
                0x20002b4c                . = ALIGN (0x4)
                0x20002b4c                __data_end__ = .
LOAD c:/program files (x86)/gnu tools arm embedded/5.4 2016q3/bin/../lib/gcc/arm-none-eabi/5.4.1/armv7e-m/fpu/crti.o
LOAD c:/program files (x86)/gnu tools arm embedded/5.4 2016q3/bin/../lib/gcc/arm-none-eabi/5.4.1/armv7e-m/fpu/crtbegin.o
LOAD c:/program files (x86)/gnu tools arm embedded/5.4 2016q3/bin/../lib/gcc/arm-none-eabi/5.4.1/../../../../arm-none-eabi/lib/armv7e-m/fpu/crt0.o
LOAD _build/nrf52832_xxaa/nrf_log_backend_rtt.c.o
LOAD _build/nrf52832_xxaa/nrf_log_backend_serial.c.o
LOAD _build/nrf52832_xxaa/nrf_log_backend_uart.c.o
LOAD _build/nrf52832_xxaa/nrf_log_default_backends.c.o
LOAD _build/nrf52832_xxaa/nrf_log_frontend.c.o
LOAD _build/nrf52832_xxaa/nrf_log_str_formatter.c.o
LOAD _build/nrf52832_xxaa/app_button.c.o
LOAD _build/nrf52832_xxaa/app_error.c.o
LOAD _build/nrf52832_xxaa/app_error_weak.c.o
LOAD _build/nrf52832_xxaa/app_scheduler.c.o
LOAD _build/nrf52832_xxaa/app_timer.c.o
LOAD _build/nrf52832_xxaa/app_util_platform.c.o
LOAD _build/nrf52832_xxaa/crc16.c.o
LOAD _build/nrf52832_xxaa/fds.c.o
LOAD _build/nrf52832_xxaa/hardfault_implementation.c.o
LOAD _build/nrf52832_xxaa/nrf_assert.c.o
LOAD _build/nrf52832_xxaa/nrf_atfifo.c.o
LOAD _build/nrf52832_xxaa/nrf_balloc.c.o
LOAD _build/nrf52832_xxaa/app_uart.c.o
LOAD _build/nrf52832_xxaa/nrf_fprintf.c.o
LOAD _build/nrf52832_xxaa/nrf_fprintf_format.c.o
LOAD _build/nrf52832_xxaa/nrf_fstorage.c.o
LOAD _build/nrf52832_xxaa/nrf_fstorage_sd.c.o
LOAD _build/nrf52832_xxaa/nrf_memobj.c.o
LOAD _build/nrf52832_xxaa/nrf_pwr_mgmt.c.o
LOAD _build/nrf52832_xxaa/nrf_section_iter.c.o
LOAD _build/nrf52832_xxaa/nrf_strerror.c.o
LOAD _build/nrf52832_xxaa/sdk_mapped_flags.c.o
LOAD _build/nrf52832_xxaa/sensorsim.c.o
LOAD _build/nrf52832_xxaa/boards.c.o
LOAD _build/nrf52832_xxaa/nrf_drv_clock.c.o
LOAD _build/nrf52832_xxaa/nrf_drv_common.c.o
LOAD _build/nrf52832_xxaa/nrf_drv_gpiote.c.o
LOAD _build/nrf52832_xxaa/nrf_drv_uart.c.o
LOAD _build/nrf52832_xxaa/nrf_drv_saadc.c.o
LOAD _build/nrf52832_xxaa/nrf_saadc.c.o
LOAD _build/nrf52832_xxaa/nrf_drv_ppi.c.o
LOAD _build/nrf52832_xxaa/nrf_drv_pwm.c.o
LOAD _build/nrf52832_xxaa/nrf_drv_timer.c.o
LOAD _build/nrf52832_xxaa/bsp.c.o
LOAD _build/nrf52832_xxaa/bsp_btn_ble.c.o
LOAD _build/nrf52832_xxaa/bsp_nfc.c.o
LOAD _build/nrf52832_xxaa/main.c.o
LOAD _build/nrf52832_xxaa/ble_cus.c.o
LOAD _build/nrf52832_xxaa/ble_power.c.o
LOAD _build/nrf52832_xxaa/RTT_Syscalls_GCC.c.o
LOAD _build/nrf52832_xxaa/SEGGER_RTT.c.o
LOAD _build/nrf52832_xxaa/SEGGER_RTT_printf.c.o
LOAD _build/nrf52832_xxaa/ble_advdata.c.o
LOAD _build/nrf52832_xxaa/ble_advertising.c.o
LOAD _build/nrf52832_xxaa/ble_conn_params.c.o
LOAD _build/nrf52832_xxaa/ble_conn_state.c.o
LOAD _build/nrf52832_xxaa/ble_srv_common.c.o
LOAD _build/nrf52832_xxaa/gatt_cache_manager.c.o
LOAD _build/nrf52832_xxaa/gatts_cache_manager.c.o
LOAD _build/nrf52832_xxaa/id_manager.c.o
LOAD _build/nrf52832_xxaa/nrf_ble_gatt.c.o
LOAD _build/nrf52832_xxaa/peer_data_storage.c.o
LOAD _build/nrf52832_xxaa/peer_database.c.o
LOAD _build/nrf52832_xxaa/peer_id.c.o
LOAD _build/nrf52832_xxaa/peer_manager.c.o
LOAD _build/nrf52832_xxaa/pm_buffer.c.o
LOAD _build/nrf52832_xxaa/pm_mutex.c.o
LOAD _build/nrf52832_xxaa/security_dispatcher.c.o
LOAD _build/nrf52832_xxaa/security_manager.c.o
LOAD _build/nrf52832_xxaa/gcc_startup_nrf52.S.o
LOAD _build/nrf52832_xxaa/system_nrf52.c.o
LOAD _build/nrf52832_xxaa/nrf_sdh.c.o
LOAD _build/nrf52832_xxaa/nrf_sdh_ble.c.o
LOAD _build/nrf52832_xxaa/nrf_sdh_soc.c.o
LOAD c:/program files (x86)/gnu tools arm embedded/5.4 2016q3/bin/../lib/gcc/arm-none-eabi/5.4.1/../../../../arm-none-eabi/lib/armv7e-m/fpu\libc_nano.a
LOAD c:/program files (x86)/gnu tools arm embedded/5.4 2016q3/bin/../lib/gcc/arm-none-eabi/5.4.1/../../../../arm-none-eabi/lib/armv7e-m/fpu\libnosys.a
LOAD c:/program files (x86)/gnu tools arm embedded/5.4 2016q3/bin/../lib/gcc/arm-none-eabi/5.4.1/../../../../arm-none-eabi/lib/armv7e-m/fpu\libm.a
START GROUP
LOAD c:/program files (x86)/gnu tools arm embedded/5.4 2016q3/bin/../lib/gcc/arm-none-eabi/5.4.1/armv7e-m/fpu\libgcc.a
LOAD c:/program files (x86)/gnu tools arm embedded/5.4 2016q3/bin/../lib/gcc/arm-none-eabi/5.4.1/../../../../arm-none-eabi/lib/armv7e-m/fpu\libg_nano.a
LOAD c:/program files (x86)/gnu tools arm embedded/5.4 2016q3/bin/../lib/gcc/arm-none-eabi/5.4.1/../../../../arm-none-eabi/lib/armv7e-m/fpu\libc_nano.a
END GROUP
START GROUP
LOAD c:/program files (x86)/gnu tools arm embedded/5.4 2016q3/bin/../lib/gcc/arm-none-eabi/5.4.1/armv7e-m/fpu\libgcc.a
LOAD c:/program files (x86)/gnu tools arm embedded/5.4 2016q3/bin/../lib/gcc/arm-none-eabi/5.4.1/../../../../arm-none-eabi/lib/armv7e-m/fpu\libc_nano.a
END GROUP
LOAD c:/program files (x86)/gnu tools arm embedded/5.4 2016q3/bin/../lib/gcc/arm-none-eabi/5.4.1/armv7e-m/fpu/crtend.o
LOAD c:/program files (x86)/gnu tools arm embedded/5.4 2016q3/bin/../lib/gcc/arm-none-eabi/5.4.1/armv7e-m/fpu/crtn.o
START GROUP
LOAD c:/program files (x86)/gnu tools arm embedded/5.4 2016q3/bin/../lib/gcc/arm-none-eabi/5.4.1/armv7e-m/fpu\libgcc.a
LOAD c:/program files (x86)/gnu tools arm embedded/5.4 2016q3/bin/../lib/gcc/arm-none-eabi/5.4.1/../../../../arm-none-eabi/lib/armv7e-m/fpu\libc.a
LOAD c:/program files (x86)/gnu tools arm embedded/5.4 2016q3/bin/../lib/gcc/arm-none-eabi/5.4.1/../../../../arm-none-eabi/lib/armv7e-m/fpu\libnosys.a
END GROUP

.igot.plt       0x20002b4c        0x0 load address 0x00030be0
 .igot.plt      0x20002b4c        0x0 c:/program files (x86)/gnu tools arm embedded/5.4 2016q3/bin/../lib/gcc/arm-none-eabi/5.4.1/armv7e-m/fpu/crtbegin.o
                0x20002b4c                . = ALIGN (0x4)

.svc_data       0x20002b4c        0x0
                [!provide]                PROVIDE (__start_svc_data, .)
 *(.svc_data)
                [!provide]                PROVIDE (__stop_svc_data, .)

.fs_data        0x20002b4c       0x14 load address 0x00030be0
                0x20002b4c                PROVIDE (__start_fs_data, .)
 *(.fs_data)
 .fs_data       0x20002b4c       0x14 _build/nrf52832_xxaa/fds.c.o
                0x20002b4c                m_fs
                0x20002b60                PROVIDE (__stop_fs_data, .)

.log_dynamic_data
                0x20002b60        0x0
                [!provide]                PROVIDE (__start_log_dynamic_data, .)
 *(.log_dynamic_data)
                [!provide]                PROVIDE (__stop_log_dynamic_data, .)

.cli_sorted_cmd_ptrs
                0x20002b60        0x0
                [!provide]                PROVIDE (__start_cli_sorted_cmd_ptrs, .)
 *(.cli_sorted_cmd_ptrs)
                [!provide]                PROVIDE (__stop_cli_sorted_cmd_ptrs, .)

.bss            0x20002b60      0xccc load address 0x00030bf4
                0x20002b60                . = ALIGN (0x4)
                0x20002b60                __bss_start__ = .
 *(.bss*)
 .bss           0x20002b60       0x1c c:/program files (x86)/gnu tools arm embedded/5.4 2016q3/bin/../lib/gcc/arm-none-eabi/5.4.1/armv7e-m/fpu/crtbegin.o
 .bss.m_detection_delay
                0x20002b7c        0x4 _build/nrf52832_xxaa/app_button.c.o
 .bss.mp_buttons
                0x20002b80        0x4 _build/nrf52832_xxaa/app_button.c.o
 .bss.m_button_count
                0x20002b84        0x1 _build/nrf52832_xxaa/app_button.c.o
 *fill*         0x20002b85        0x3 
 .bss.m_detection_delay_timer_id_data
                0x20002b88       0x20 _build/nrf52832_xxaa/app_button.c.o
 .bss.m_pin_state
                0x20002ba8        0x4 _build/nrf52832_xxaa/app_button.c.o
 .bss.m_pin_transition
                0x20002bac        0x4 _build/nrf52832_xxaa/app_button.c.o
 .bss.m_ticks_latest
                0x20002bb0        0x4 _build/nrf52832_xxaa/app_timer.c.o
 .bss.mp_timer_id_head
                0x20002bb4        0x4 _build/nrf52832_xxaa/app_timer.c.o
 .bss.m_ticks_elapsed_q_read_ind
                0x20002bb8        0x1 _build/nrf52832_xxaa/app_timer.c.o
 .bss.m_ticks_elapsed_q_write_ind
                0x20002bb9        0x1 _build/nrf52832_xxaa/app_timer.c.o
 .bss.m_rtc1_reset
                0x20002bba        0x1 _build/nrf52832_xxaa/app_timer.c.o
 *fill*         0x20002bbb        0x1 
 .bss.m_op_queue
                0x20002bbc      0x10c _build/nrf52832_xxaa/app_timer.c.o
 .bss.m_ticks_elapsed
                0x20002cc8        0x8 _build/nrf52832_xxaa/app_timer.c.o
 .bss.m_rtc1_running
                0x20002cd0        0x1 _build/nrf52832_xxaa/app_timer.c.o
 .bss.m_users   0x20002cd1        0x1 _build/nrf52832_xxaa/fds.c.o
 *fill*         0x20002cd2        0x2 
 .bss.m_pages   0x20002cd4       0x20 _build/nrf52832_xxaa/fds.c.o
 .bss.m_gc      0x20002cf4       0x10 _build/nrf52832_xxaa/fds.c.o
 .bss.m_op_queue
                0x20002d04       0x78 _build/nrf52832_xxaa/fds.c.o
 .bss.page.7733
                0x20002d7c        0x2 _build/nrf52832_xxaa/fds.c.o
 *fill*         0x20002d7e        0x2 
 .bss.desc.7732
                0x20002d80        0xc _build/nrf52832_xxaa/fds.c.o
 .bss.tok.7639  0x20002d8c        0x8 _build/nrf52832_xxaa/fds.c.o
 .bss.m_swap_page
                0x20002d94        0x8 _build/nrf52832_xxaa/fds.c.o
 .bss.m_flags   0x20002d9c        0x1 _build/nrf52832_xxaa/fds.c.o
 *fill*         0x20002d9d        0x3 
 .bss.m_latest_rec_id
                0x20002da0        0x4 _build/nrf52832_xxaa/fds.c.o
 .bss.m_cb_table
                0x20002da4       0x10 _build/nrf52832_xxaa/fds.c.o
 .bss.m_event_handler
                0x20002db4        0x4 _build/nrf52832_xxaa/app_uart.c.o
 .bss.rx_buffer
                0x20002db8        0x1 _build/nrf52832_xxaa/app_uart.c.o
 .bss.rx_done   0x20002db9        0x1 _build/nrf52832_xxaa/app_uart.c.o
 *fill*         0x20002dba        0x2 
 .bss.m_retry_cnt
                0x20002dbc        0x4 _build/nrf52832_xxaa/nrf_fstorage_sd.c.o
 .bss.m_flags   0x20002dc0        0x4 _build/nrf52832_xxaa/nrf_fstorage_sd.c.o
 .bss.m_queue   0x20002dc4       0x78 _build/nrf52832_xxaa/nrf_fstorage_sd.c.o
 .bss.m_clock_cb
                0x20002e3c       0x14 _build/nrf52832_xxaa/nrf_drv_clock.c.o
 .bss.m_cb      0x20002e50       0x58 _build/nrf52832_xxaa/nrf_drv_gpiote.c.o
 .bss.m_cb      0x20002ea8       0x1c _build/nrf52832_xxaa/nrf_drv_uart.c.o
 .bss.m_cb      0x20002ec4       0x30 _build/nrf52832_xxaa/nrf_drv_saadc.c.o
 .bss.m_drv_state
                0x20002ef4        0x1 _build/nrf52832_xxaa/nrf_drv_ppi.c.o
 *fill*         0x20002ef5        0x3 
 .bss.m_channels_allocated
                0x20002ef8        0x4 _build/nrf52832_xxaa/nrf_drv_ppi.c.o
 .bss.m_cb      0x20002efc        0x8 _build/nrf52832_xxaa/nrf_drv_pwm.c.o
 .bss.m_cb      0x20002f04        0xc _build/nrf52832_xxaa/nrf_drv_timer.c.o
 .bss.m_leds_timer_id_data
                0x20002f10       0x20 _build/nrf52832_xxaa/bsp.c.o
 .bss.m_indication_type
                0x20002f30        0x4 _build/nrf52832_xxaa/bsp.c.o
 .bss.m_alert_on
                0x20002f34        0x1 _build/nrf52832_xxaa/bsp.c.o
 .bss.current_long_push_pin_no.7331
                0x20002f35        0x1 _build/nrf52832_xxaa/bsp.c.o
 .bss.m_leds_clear
                0x20002f36        0x1 _build/nrf52832_xxaa/bsp.c.o
 *fill*         0x20002f37        0x1 
 .bss.release_event_at_push.7332
                0x20002f38        0x4 _build/nrf52832_xxaa/bsp.c.o
 .bss.m_registered_callback
                0x20002f3c        0x4 _build/nrf52832_xxaa/bsp.c.o
 .bss.m_button_timer_id_data
                0x20002f40       0x20 _build/nrf52832_xxaa/bsp.c.o
 .bss.m_stable_state
                0x20002f60        0x1 _build/nrf52832_xxaa/bsp.c.o
 *fill*         0x20002f61        0x3 
 .bss.m_alert_timer_id_data
                0x20002f64       0x20 _build/nrf52832_xxaa/bsp.c.o
 .bss.m_events_list
                0x20002f84        0xc _build/nrf52832_xxaa/bsp.c.o
 .bss.m_error_handler
                0x20002f90        0x4 _build/nrf52832_xxaa/bsp_btn_ble.c.o
 .bss.m_num_connections
                0x20002f94        0x4 _build/nrf52832_xxaa/bsp_btn_ble.c.o
 .bss.m_demo1_seq_values
                0x20002f98        0x8 _build/nrf52832_xxaa/main.c.o
 .bss.bufferADC
                0x20002fa0       0x10 _build/nrf52832_xxaa/main.c.o
 .bss.m_ppi_channel
                0x20002fb0        0x1 _build/nrf52832_xxaa/main.c.o
 *fill*         0x20002fb1        0x3 
 .bss.tx_buf.12366
                0x20002fb4      0x100 _build/nrf52832_xxaa/main.c.o
 .bss.m_cus     0x200030b4       0x14 _build/nrf52832_xxaa/main.c.o
 .bss.m_power   0x200030c8       0x2c _build/nrf52832_xxaa/main.c.o
 .bss.m_advertising
                0x200030f4       0xd8 _build/nrf52832_xxaa/main.c.o
 .bss.m_notif_timer_data
                0x200031cc       0x20 _build/nrf52832_xxaa/main.c.o
 .bss.m_gatt    0x200031ec       0x14 _build/nrf52832_xxaa/main.c.o
 .bss.bFlagMeasureAnalog
                0x20003200        0x1 _build/nrf52832_xxaa/main.c.o
 *fill*         0x20003201        0x3 
 .bss.rx_buf.12365
                0x20003204        0x1 _build/nrf52832_xxaa/main.c.o
 *fill*         0x20003205        0x3 
 .bss.u32PWMValue
                0x20003208        0x4 _build/nrf52832_xxaa/ble_cus.c.o
 .bss.m_conn_params_config
                0x2000320c       0x1c _build/nrf52832_xxaa/ble_conn_params.c.o
 .bss.m_conn_params_instances
                0x20003228       0x14 _build/nrf52832_xxaa/ble_conn_params.c.o
 .bss.m_timer_data
                0x2000323c       0x20 _build/nrf52832_xxaa/ble_conn_params.c.o
 .bss.m_preferred_conn_params
                0x2000325c        0x8 _build/nrf52832_xxaa/ble_conn_params.c.o
 .bss.m_bcs     0x20003264       0xb8 _build/nrf52832_xxaa/ble_conn_state.c.o
 .bss.m_flag_service_changed_pending
                0x2000331c        0x1 _build/nrf52832_xxaa/gatt_cache_manager.c.o
 .bss.m_flag_service_changed_sent
                0x2000331d        0x1 _build/nrf52832_xxaa/gatt_cache_manager.c.o
 .bss.m_flag_local_db_update_pending
                0x2000331e        0x1 _build/nrf52832_xxaa/gatt_cache_manager.c.o
 .bss.m_flag_local_db_apply_pending
                0x2000331f        0x1 _build/nrf52832_xxaa/gatt_cache_manager.c.o
 .bss.m_current_sc_store_peer_id
                0x20003320        0x2 _build/nrf52832_xxaa/gatts_cache_manager.c.o
 .bss.start_handle.8680
                0x20003322        0x2 _build/nrf52832_xxaa/gatts_cache_manager.c.o
 .bss.m_connections
                0x20003324       0xf0 _build/nrf52832_xxaa/id_manager.c.o
 .bss.m_conn_state_user_flag_id
                0x20003414        0x1 _build/nrf52832_xxaa/id_manager.c.o
 *fill*         0x20003415        0x3 
 .bss.m_fds_ftok
                0x20003418        0x8 _build/nrf52832_xxaa/peer_data_storage.c.o
 .bss.m_peer_delete_queued
                0x20003420        0x1 _build/nrf52832_xxaa/peer_data_storage.c.o
 .bss.m_peer_delete_ongoing
                0x20003421        0x1 _build/nrf52832_xxaa/peer_data_storage.c.o
 *fill*         0x20003422        0x2 
 .bss.mutex_memory.8703
                0x20003424        0x1 _build/nrf52832_xxaa/peer_database.c.o
 *fill*         0x20003425        0x3 
 .bss.m_write_buffer_records
                0x20003428       0xa0 _build/nrf52832_xxaa/peer_database.c.o
 .bss.m_n_writes
                0x200034c8        0x4 _build/nrf52832_xxaa/peer_database.c.o
 .bss.buffer_memory.8702
                0x200034cc      0x280 _build/nrf52832_xxaa/peer_database.c.o
 .bss.m_write_buffer
                0x2000374c       0x10 _build/nrf52832_xxaa/peer_database.c.o
 .bss.m_pi      0x2000375c       0x40 _build/nrf52832_xxaa/peer_id.c.o
 .bss.m_pairing_flag_id
                0x2000379c        0x1 _build/nrf52832_xxaa/peer_manager.c.o
 *fill*         0x2000379d        0x3 
 .bss.m_current_highest_peer_rank
                0x200037a0        0x4 _build/nrf52832_xxaa/peer_manager.c.o
 .bss.m_module_initialized
                0x200037a4        0x1 _build/nrf52832_xxaa/peer_manager.c.o
 *fill*         0x200037a5        0x3 
 .bss.m_evt_handlers
                0x200037a8        0xc _build/nrf52832_xxaa/peer_manager.c.o
 .bss.m_peer_rank_initialized
                0x200037b4        0x1 _build/nrf52832_xxaa/peer_manager.c.o
 .bss.m_deleting_all
                0x200037b5        0x1 _build/nrf52832_xxaa/peer_manager.c.o
 .bss.m_n_registrants
                0x200037b6        0x1 _build/nrf52832_xxaa/peer_manager.c.o
 *fill*         0x200037b7        0x1 
 .bss.m_peer_rank_token
                0x200037b8        0x4 _build/nrf52832_xxaa/peer_manager.c.o
 .bss.m_bonding_flag_id
                0x200037bc        0x1 _build/nrf52832_xxaa/peer_manager.c.o
 *fill*         0x200037bd        0x1 
 .bss.m_highest_ranked_peer
                0x200037be        0x2 _build/nrf52832_xxaa/peer_manager.c.o
 .bss.m_peer_pk
                0x200037c0       0x40 _build/nrf52832_xxaa/security_dispatcher.c.o
 .bss.m_p_public_key
                0x20003800        0x4 _build/nrf52832_xxaa/security_manager.c.o
 .bss.m_sec_params
                0x20003804        0x5 _build/nrf52832_xxaa/security_manager.c.o
 .bss.m_sec_params_valid
                0x20003809        0x1 _build/nrf52832_xxaa/security_manager.c.o
 .bss.m_nrf_sdh_enabled
                0x2000380a        0x1 _build/nrf52832_xxaa/nrf_sdh.c.o
 .bss.m_nrf_sdh_continue
                0x2000380b        0x1 _build/nrf52832_xxaa/nrf_sdh.c.o
 .bss.m_nrf_sdh_suspended
                0x2000380c        0x1 _build/nrf52832_xxaa/nrf_sdh.c.o
 *fill*         0x2000380d        0x3 
 .bss.__malloc_sbrk_start
                0x20003810        0x4 c:/program files (x86)/gnu tools arm embedded/5.4 2016q3/bin/../lib/gcc/arm-none-eabi/5.4.1/../../../../arm-none-eabi/lib/armv7e-m/fpu\libc_nano.a(lib_a-nano-mallocr.o)
                0x20003810                __malloc_sbrk_start
 .bss.__malloc_free_list
                0x20003814        0x4 c:/program files (x86)/gnu tools arm embedded/5.4 2016q3/bin/../lib/gcc/arm-none-eabi/5.4.1/../../../../arm-none-eabi/lib/armv7e-m/fpu\libc_nano.a(lib_a-nano-mallocr.o)
                0x20003814                __malloc_free_list
 .bss.heap_end.4169
                0x20003818        0x4 c:/program files (x86)/gnu tools arm embedded/5.4 2016q3/bin/../lib/gcc/arm-none-eabi/5.4.1/../../../../arm-none-eabi/lib/armv7e-m/fpu\libnosys.a(sbrk.o)
 *(COMMON)
 COMMON         0x2000381c        0xc _build/nrf52832_xxaa/app_util_platform.c.o
                0x2000381c                nrf_nvic_state
 COMMON         0x20003828        0x4 c:/program files (x86)/gnu tools arm embedded/5.4 2016q3/bin/../lib/gcc/arm-none-eabi/5.4.1/../../../../arm-none-eabi/lib/armv7e-m/fpu\libc_nano.a(lib_a-reent.o)
                0x20003828                errno
                0x2000382c                . = ALIGN (0x4)
                0x2000382c                __bss_end__ = .

.heap           0x20003830     0x2000
                0x20003830                __HeapBase = .
                0x20003830                __end__ = .
                0x20003830                PROVIDE (end, .)
 *(.heap*)
 .heap          0x20003830     0x2000 _build/nrf52832_xxaa/gcc_startup_nrf52.S.o
                0x20005830                __HeapLimit = .

.stack_dummy    0x20003830     0x2000
 *(.stack*)
 .stack         0x20003830     0x2000 _build/nrf52832_xxaa/gcc_startup_nrf52.S.o
                0x20010000                __StackTop = (ORIGIN (RAM) + LENGTH (RAM))
                0x2000e000                __StackLimit = (__StackTop - SIZEOF (.stack_dummy))
                0x20010000                PROVIDE (__stack, __StackTop)
                0x00000001                ASSERT ((__StackLimit >= __HeapLimit), region RAM overflowed with stack)
OUTPUT(_build/nrf52832_xxaa.out elf32-littlearm)

.ARM.attributes
                0x00000000       0x30
 .ARM.attributes
                0x00000000       0x22 c:/program files (x86)/gnu tools arm embedded/5.4 2016q3/bin/../lib/gcc/arm-none-eabi/5.4.1/armv7e-m/fpu/crti.o
 .ARM.attributes
                0x00000022       0x34 c:/program files (x86)/gnu tools arm embedded/5.4 2016q3/bin/../lib/gcc/arm-none-eabi/5.4.1/armv7e-m/fpu/crtbegin.o
 .ARM.attributes
                0x00000056       0x20 c:/program files (x86)/gnu tools arm embedded/5.4 2016q3/bin/../lib/gcc/arm-none-eabi/5.4.1/../../../../arm-none-eabi/lib/armv7e-m/fpu/crt0.o
 .ARM.attributes
                0x00000076       0x39 _build/nrf52832_xxaa/app_button.c.o
 .ARM.attributes
                0x000000af       0x39 _build/nrf52832_xxaa/app_error.c.o
 .ARM.attributes
                0x000000e8       0x39 _build/nrf52832_xxaa/app_error_weak.c.o
 .ARM.attributes
                0x00000121       0x39 _build/nrf52832_xxaa/app_timer.c.o
 .ARM.attributes
                0x0000015a       0x39 _build/nrf52832_xxaa/app_util_platform.c.o
 .ARM.attributes
                0x00000193       0x39 _build/nrf52832_xxaa/fds.c.o
 .ARM.attributes
                0x000001cc       0x39 _build/nrf52832_xxaa/app_uart.c.o
 .ARM.attributes
                0x00000205       0x39 _build/nrf52832_xxaa/nrf_fstorage.c.o
 .ARM.attributes
                0x0000023e       0x39 _build/nrf52832_xxaa/nrf_fstorage_sd.c.o
 .ARM.attributes
                0x00000277       0x39 _build/nrf52832_xxaa/nrf_section_iter.c.o
 .ARM.attributes
                0x000002b0       0x39 _build/nrf52832_xxaa/sdk_mapped_flags.c.o
 .ARM.attributes
                0x000002e9       0x39 _build/nrf52832_xxaa/boards.c.o
 .ARM.attributes
                0x00000322       0x39 _build/nrf52832_xxaa/nrf_drv_clock.c.o
 .ARM.attributes
                0x0000035b       0x39 _build/nrf52832_xxaa/nrf_drv_common.c.o
 .ARM.attributes
                0x00000394       0x39 _build/nrf52832_xxaa/nrf_drv_gpiote.c.o
 .ARM.attributes
                0x000003cd       0x39 _build/nrf52832_xxaa/nrf_drv_uart.c.o
 .ARM.attributes
                0x00000406       0x39 _build/nrf52832_xxaa/nrf_drv_saadc.c.o
 .ARM.attributes
                0x0000043f       0x39 _build/nrf52832_xxaa/nrf_saadc.c.o
 .ARM.attributes
                0x00000478       0x39 _build/nrf52832_xxaa/nrf_drv_ppi.c.o
 .ARM.attributes
                0x000004b1       0x39 _build/nrf52832_xxaa/nrf_drv_pwm.c.o
 .ARM.attributes
                0x000004ea       0x39 _build/nrf52832_xxaa/nrf_drv_timer.c.o
 .ARM.attributes
                0x00000523       0x39 _build/nrf52832_xxaa/bsp.c.o
 .ARM.attributes
                0x0000055c       0x39 _build/nrf52832_xxaa/bsp_btn_ble.c.o
 .ARM.attributes
                0x00000595       0x39 _build/nrf52832_xxaa/main.c.o
 .ARM.attributes
                0x000005ce       0x39 _build/nrf52832_xxaa/ble_cus.c.o
 .ARM.attributes
                0x00000607       0x39 _build/nrf52832_xxaa/ble_power.c.o
 .ARM.attributes
                0x00000640       0x39 _build/nrf52832_xxaa/ble_advdata.c.o
 .ARM.attributes
                0x00000679       0x39 _build/nrf52832_xxaa/ble_advertising.c.o
 .ARM.attributes
                0x000006b2       0x39 _build/nrf52832_xxaa/ble_conn_params.c.o
 .ARM.attributes
                0x000006eb       0x39 _build/nrf52832_xxaa/ble_conn_state.c.o
 .ARM.attributes
                0x00000724       0x39 _build/nrf52832_xxaa/ble_srv_common.c.o
 .ARM.attributes
                0x0000075d       0x39 _build/nrf52832_xxaa/gatt_cache_manager.c.o
 .ARM.attributes
                0x00000796       0x39 _build/nrf52832_xxaa/gatts_cache_manager.c.o
 .ARM.attributes
                0x000007cf       0x39 _build/nrf52832_xxaa/id_manager.c.o
 .ARM.attributes
                0x00000808       0x39 _build/nrf52832_xxaa/nrf_ble_gatt.c.o
 .ARM.attributes
                0x00000841       0x39 _build/nrf52832_xxaa/peer_data_storage.c.o
 .ARM.attributes
                0x0000087a       0x39 _build/nrf52832_xxaa/peer_database.c.o
 .ARM.attributes
                0x000008b3       0x39 _build/nrf52832_xxaa/peer_id.c.o
 .ARM.attributes
                0x000008ec       0x39 _build/nrf52832_xxaa/peer_manager.c.o
 .ARM.attributes
                0x00000925       0x39 _build/nrf52832_xxaa/pm_buffer.c.o
 .ARM.attributes
                0x0000095e       0x39 _build/nrf52832_xxaa/pm_mutex.c.o
 .ARM.attributes